Component: ARM Compiler 5.06 update 4 (build 422) Tool: armlink [4d35d2]

==============================================================================

Section Cross References

    startup_stm32f10x_hd.o(RESET) refers to startup_stm32f10x_hd.o(STACK) for __initial_sp
    startup_stm32f10x_hd.o(RESET) refers to startup_stm32f10x_hd.o(.text) for Reset_Handler
    startup_stm32f10x_hd.o(RESET) refers to main.o(i.SysTick_Handler) for SysTick_Handler
    startup_stm32f10x_hd.o(RESET) refers to hw_exti.o(i.EXTI4_IRQHandler) for EXTI4_IRQHandler
    startup_stm32f10x_hd.o(RESET) refers to hw_config.o(i.USB_LP_CAN1_RX0_IRQHandler) for USB_LP_CAN1_RX0_IRQHandler
    startup_stm32f10x_hd.o(RESET) refers to hw_uart.o(i.USART1_IRQHandler) for USART1_IRQHandler
    startup_stm32f10x_hd.o(RESET) refers to bt_phybusif_h4.o(i.USART2_IRQHandler) for USART2_IRQHandler
    startup_stm32f10x_hd.o(.text) refers to system_stm32f10x.o(i.SystemInit) for SystemInit
    startup_stm32f10x_hd.o(.text) refers to entry.o(.ARM.Collect$$$$00000000) for __main
    system_stm32f10x.o(i.SetSysClock) refers to system_stm32f10x.o(i.SetSysClockTo72) for SetSysClockTo72
    system_stm32f10x.o(i.SystemCoreClockUpdate) refers to system_stm32f10x.o(.data) for SystemCoreClock
    system_stm32f10x.o(i.SystemInit) refers to system_stm32f10x.o(i.SetSysClock) for SetSysClock
    stm32f10x_adc.o(i.ADC_DeInit) refers to stm32f10x_rcc.o(i.RCC_APB2PeriphResetCmd) for RCC_APB2PeriphResetCmd
    stm32f10x_bkp.o(i.BKP_DeInit) refers to stm32f10x_rcc.o(i.RCC_BackupResetCmd) for RCC_BackupResetCmd
    stm32f10x_can.o(i.CAN_DeInit) refers to stm32f10x_rcc.o(i.RCC_APB1PeriphResetCmd) for RCC_APB1PeriphResetCmd
    stm32f10x_can.o(i.CAN_GetITStatus) refers to stm32f10x_can.o(i.CheckITStatus) for CheckITStatus
    stm32f10x_cec.o(i.CEC_DeInit) refers to stm32f10x_rcc.o(i.RCC_APB1PeriphResetCmd) for RCC_APB1PeriphResetCmd
    stm32f10x_dac.o(i.DAC_DeInit) refers to stm32f10x_rcc.o(i.RCC_APB1PeriphResetCmd) for RCC_APB1PeriphResetCmd
    stm32f10x_flash.o(i.FLASH_EnableWriteProtection) refers to stm32f10x_flash.o(i.FLASH_WaitForLastOperation) for FLASH_WaitForLastOperation
    stm32f10x_flash.o(i.FLASH_EraseAllBank1Pages) refers to stm32f10x_flash.o(i.FLASH_WaitForLastBank1Operation) for FLASH_WaitForLastBank1Operation
    stm32f10x_flash.o(i.FLASH_EraseAllPages) refers to stm32f10x_flash.o(i.FLASH_WaitForLastOperation) for FLASH_WaitForLastOperation
    stm32f10x_flash.o(i.FLASH_EraseOptionBytes) refers to stm32f10x_flash.o(i.FLASH_GetReadOutProtectionStatus) for FLASH_GetReadOutProtectionStatus
    stm32f10x_flash.o(i.FLASH_EraseOptionBytes) refers to stm32f10x_flash.o(i.FLASH_WaitForLastOperation) for FLASH_WaitForLastOperation
    stm32f10x_flash.o(i.FLASH_ErasePage) refers to stm32f10x_flash.o(i.FLASH_WaitForLastOperation) for FLASH_WaitForLastOperation
    stm32f10x_flash.o(i.FLASH_ProgramHalfWord) refers to stm32f10x_flash.o(i.FLASH_WaitForLastOperation) for FLASH_WaitForLastOperation
    stm32f10x_flash.o(i.FLASH_ProgramOptionByteData) refers to stm32f10x_flash.o(i.FLASH_WaitForLastOperation) for FLASH_WaitForLastOperation
    stm32f10x_flash.o(i.FLASH_ProgramWord) refers to stm32f10x_flash.o(i.FLASH_WaitForLastOperation) for FLASH_WaitForLastOperation
    stm32f10x_flash.o(i.FLASH_ReadOutProtection) refers to stm32f10x_flash.o(i.FLASH_WaitForLastOperation) for FLASH_WaitForLastOperation
    stm32f10x_flash.o(i.FLASH_UserOptionByteConfig) refers to stm32f10x_flash.o(i.FLASH_WaitForLastOperation) for FLASH_WaitForLastOperation
    stm32f10x_flash.o(i.FLASH_WaitForLastBank1Operation) refers to stm32f10x_flash.o(i.FLASH_GetBank1Status) for FLASH_GetBank1Status
    stm32f10x_flash.o(i.FLASH_WaitForLastOperation) refers to stm32f10x_flash.o(i.FLASH_GetBank1Status) for FLASH_GetBank1Status
    stm32f10x_gpio.o(i.GPIO_AFIODeInit) refers to stm32f10x_rcc.o(i.RCC_APB2PeriphResetCmd) for RCC_APB2PeriphResetCmd
    stm32f10x_gpio.o(i.GPIO_DeInit) refers to stm32f10x_rcc.o(i.RCC_APB2PeriphResetCmd) for RCC_APB2PeriphResetCmd
    stm32f10x_i2c.o(i.I2C_DeInit) refers to stm32f10x_rcc.o(i.RCC_APB1PeriphResetCmd) for RCC_APB1PeriphResetCmd
    stm32f10x_i2c.o(i.I2C_Init) refers to stm32f10x_rcc.o(i.RCC_GetClocksFreq) for RCC_GetClocksFreq
    stm32f10x_pwr.o(i.PWR_DeInit) refers to stm32f10x_rcc.o(i.RCC_APB1PeriphResetCmd) for RCC_APB1PeriphResetCmd
    stm32f10x_rcc.o(i.RCC_GetClocksFreq) refers to stm32f10x_rcc.o(.data) for APBAHBPrescTable
    stm32f10x_rcc.o(i.RCC_WaitForHSEStartUp) refers to stm32f10x_rcc.o(i.RCC_GetFlagStatus) for RCC_GetFlagStatus
    stm32f10x_rtc.o(i.RTC_SetAlarm) refers to stm32f10x_rtc.o(i.RTC_EnterConfigMode) for RTC_EnterConfigMode
    stm32f10x_rtc.o(i.RTC_SetAlarm) refers to stm32f10x_rtc.o(i.RTC_ExitConfigMode) for RTC_ExitConfigMode
    stm32f10x_rtc.o(i.RTC_SetCounter) refers to stm32f10x_rtc.o(i.RTC_EnterConfigMode) for RTC_EnterConfigMode
[...]
    hw_sht2x_sw_reset                        0x0800b759   Thumb Code    34  hw_sht2x.o(i.hw_sht2x_sw_reset)
    hw_spi_flash_erase_sector                0x0800b77d   Thumb Code   100  hw_spi_flash.o(i.hw_spi_flash_erase_sector)
    hw_spi_flash_get_block_size              0x0800b7ed   Thumb Code     4  hw_spi_flash.o(i.hw_spi_flash_get_block_size)
    hw_spi_flash_get_sector_count            0x0800b7f1   Thumb Code     6  hw_spi_flash.o(i.hw_spi_flash_get_sector_count)
    hw_spi_flash_get_sector_size             0x0800b7fd   Thumb Code     6  hw_spi_flash.o(i.hw_spi_flash_get_sector_size)
    hw_spi_flash_get_size                    0x0800b805   Thumb Code     6  hw_spi_flash.o(i.hw_spi_flash_get_size)
    hw_spi_flash_init                        0x0800b811   Thumb Code   412  hw_spi_flash.o(i.hw_spi_flash_init)
    hw_spi_flash_read                        0x0800ba95   Thumb Code   114  hw_spi_flash.o(i.hw_spi_flash_read)
    hw_spi_flash_read_manu_dev_id            0x0800bb15   Thumb Code    78  hw_spi_flash.o(i.hw_spi_flash_read_manu_dev_id)
    hw_spi_flash_read_reg                    0x0800bb69   Thumb Code    78  hw_spi_flash.o(i.hw_spi_flash_read_reg)
    hw_spi_flash_write                       0x0800bbd1   Thumb Code   182  hw_spi_flash.o(i.hw_spi_flash_write)
    hw_spi_flash_write_enable                0x0800bc8d   Thumb Code    30  hw_spi_flash.o(i.hw_spi_flash_write_enable)
    hw_systick_init                          0x0800bd7d   Thumb Code    66  hw_systick.o(i.hw_systick_init)
    hw_uart_bt_init                          0x0800bdd1   Thumb Code   268  bt_phybusif_h4.o(i.hw_uart_bt_init)
    hw_uart_debug_init                       0x0800bef1   Thumb Code   242  hw_uart.o(i.hw_uart_debug_init)
    is_power_of_2                            0x0800c045   Thumb Code    18  ringbuffer.o(i.is_power_of_2)
    l2cap_close                              0x0800c059   Thumb Code   230  bt_l2cap.o(i.l2cap_close)
    l2cap_datawrite                          0x0800c14d   Thumb Code   130  bt_l2cap.o(i.l2cap_datawrite)
    l2cap_init                               0x0800c1d1   Thumb Code    32  bt_l2cap.o(i.l2cap_init)
    l2cap_new                                0x0800c20d   Thumb Code    62  bt_l2cap.o(i.l2cap_new)
    l2cap_register_connect_ind               0x0800c24d   Thumb Code    66  bt_l2cap.o(i.l2cap_register_connect_ind)
    l2cap_register_disconnect_ind            0x0800c295   Thumb Code     4  bt_l2cap.o(i.l2cap_register_disconnect_ind)
    l2cap_register_recv                      0x0800c299   Thumb Code     4  bt_l2cap.o(i.l2cap_register_recv)
    l2cap_reset_all                          0x0800c29d   Thumb Code   164  bt_l2cap.o(i.l2cap_reset_all)
    l2cap_write                              0x0800c351   Thumb Code   138  bt_l2cap.o(i.l2cap_write)
    main                                     0x0800c561   Thumb Code    64  main.o(i.main)
    operate_stauts_oled_show                 0x0800c6c9   Thumb Code   238  main.o(i.operate_stauts_oled_show)
    phybusif_open                            0x0800cf29   Thumb Code    24  bt_phybusif_h4.o(i.phybusif_open)
    phybusif_output                          0x0800cf49   Thumb Code    60  bt_phybusif_h4.o(i.phybusif_output)
    phybusif_reopen                          0x0800cf85   Thumb Code    18  bt_phybusif_h4.o(i.phybusif_reopen)
    phybusif_reset                           0x0800cf9d   Thumb Code    36  bt_phybusif_h4.o(i.phybusif_reset)
    realloc                                  0x0800d815   Thumb Code   102  mallocr.o(i.realloc)
    rfcomm_close                             0x0800d899   Thumb Code   214  bt_rfcomm.o(i.rfcomm_close)
    rfcomm_connect                           0x0800d97d   Thumb Code   220  bt_rfcomm.o(i.rfcomm_connect)
    rfcomm_disc                              0x0800da81   Thumb Code     4  bt_rfcomm.o(i.rfcomm_disc)
    rfcomm_disconnected                      0x0800daa3   Thumb Code    24  bt_rfcomm.o(i.rfcomm_disconnected)
    rfcomm_get_active_pcb                    0x0800db09   Thumb Code    92  bt_rfcomm.o(i.rfcomm_get_active_pcb)
    rfcomm_init                              0x0800db69   Thumb Code    66  bt_rfcomm.o(i.rfcomm_init)
    rfcomm_input                             0x0800dbc1   Thumb Code  1522  bt_rfcomm.o(i.rfcomm_input)
    rfcomm_issue_credits                     0x0800e1b3   Thumb Code   136  bt_rfcomm.o(i.rfcomm_issue_credits)
    rfcomm_listen                            0x0800e23d   Thumb Code    64  bt_rfcomm.o(i.rfcomm_listen)
    rfcomm_lp_disconnected                   0x0800e281   Thumb Code   124  bt_rfcomm.o(i.rfcomm_lp_disconnected)
    rfcomm_msc                               0x0800e301   Thumb Code   118  bt_rfcomm.o(i.rfcomm_msc)
    rfcomm_new                               0x0800e377   Thumb Code    46  bt_rfcomm.o(i.rfcomm_new)
    rfcomm_pn                                0x0800e3a5   Thumb Code   138  bt_rfcomm.o(i.rfcomm_pn)
    rfcomm_process_msg                       0x0800e431   Thumb Code  1360  bt_rfcomm.o(i.rfcomm_process_msg)
    rfcomm_reset_all                         0x0800e981   Thumb Code    62  bt_rfcomm.o(i.rfcomm_reset_all)
    rfcomm_uih                               0x0800ea1b   Thumb Code   344  bt_rfcomm.o(i.rfcomm_uih)
    ringbuffer_init                          0x0800eb73   Thumb Code    30  ringbuffer.o(i.ringbuffer_init)
    ringbuffer_put                           0x0800eb91   Thumb Code   116  ringbuffer.o(i.ringbuffer_put)
    ringbuffer_reset                         0x0800ec05   Thumb Code     8  ringbuffer.o(i.ringbuffer_reset)
    ringbuffer_space_left                    0x0800ec0d   Thumb Code    14  ringbuffer.o(i.ringbuffer_space_left)
    sbc_decode                               0x0800f205   Thumb Code   282  sbc.o(i.sbc_decode)
    sbc_finish                               0x0800f365   Thumb Code    26  sbc.o(i.sbc_finish)
    sbc_get_codesize                         0x0800f37f   Thumb Code    68  sbc.o(i.sbc_get_codesize)
    sbc_init                                 0x0800f3c3   Thumb Code    74  sbc.o(i.sbc_init)
    sdp_attribute_search                     0x08010115   Thumb Code   408  bt_sdp.o(i.sdp_attribute_search)
    sdp_free                                 0x080102f7   Thumb Code    16  bt_sdp.o(i.sdp_free)
    sdp_init                                 0x08010309   Thumb Code    50  bt_sdp.o(i.sdp_init)
    sdp_lp_disconnected                      0x08010351   Thumb Code    94  bt_sdp.o(i.sdp_lp_disconnected)
    sdp_next_rhdl                            0x080103b5   Thumb Code    28  bt_sdp.o(i.sdp_next_rhdl)
    sdp_pattern_search                       0x080103d5   Thumb Code   284  bt_sdp.o(i.sdp_pattern_search)
    sdp_record_free                          0x080104f1   Thumb Code    14  bt_sdp.o(i.sdp_record_free)
    sdp_record_new                           0x080104ff   Thumb Code    36  bt_sdp.o(i.sdp_record_new)
    sdp_recv                                 0x08010525   Thumb Code   874  bt_sdp.o(i.sdp_recv)
    sdp_register_service                     0x08010899   Thumb Code    28  bt_sdp.o(i.sdp_register_service)
    sdp_reset_all                            0x080108b9   Thumb Code   144  bt_sdp.o(i.sdp_reset_all)
    sdp_service_attrib_rsp                   0x08010955   Thumb Code   290  bt_sdp.o(i.sdp_service_attrib_rsp)
    sdp_service_search_attrib_rsp            0x08010a7d   Thumb Code   422  bt_sdp.o(i.sdp_service_search_attrib_rsp)
    sdp_service_search_rsp                   0x08010c29   Thumb Code   362  bt_sdp.o(i.sdp_service_search_rsp)
    sdp_unregister_service                   0x08010d99   Thumb Code    88  bt_sdp.o(i.sdp_unregister_service)
    shell_at_cmd_parse                       0x08010e19   Thumb Code   216  main.o(i.shell_at_cmd_parse)
    shell_json_parse                         0x08011079   Thumb Code   168  main.o(i.shell_json_parse)
    shell_parse                              0x080111f1   Thumb Code   168  main.o(i.shell_parse)
    show_usage                               0x080112dd   Thumb Code    36  main.o(i.show_usage)
    strtod                                   0x08011509   Thumb Code    28  strtod.o(i.strtod)
    uart1_dma_enable                         0x08011575   Thumb Code    32  hw_uart.o(i.uart1_dma_enable)
    uart2_dma_enable                         0x08011595   Thumb Code    40  bt_phybusif_h4.o(i.uart2_dma_enable)
    uart_bt_send                             0x080115c9   Thumb Code    56  bt_phybusif_h4.o(i.uart_bt_send)
    uart_send_json                           0x08011605   Thumb Code   160  main.o(i.uart_send_json)
    utimer_create                            0x08011839   Thumb Code    68  bt_timer.o(i.utimer_create)
    utimer_init                              0x08011881   Thumb Code    14  bt_timer.o(i.utimer_init)
    utimer_polling                           0x08011895   Thumb Code    90  bt_timer.o(i.utimer_polling)
    font8x6                                  0x080118f4   Data         552  hw_oled.o(.constdata)
    font16x8                                 0x08011b1c   Data        1520  hw_oled.o(.constdata)
    chinese                                  0x0801210c   Data         256  hw_oled.o(.constdata)
    logo                                     0x0801220c   Data        1024  hw_oled.o(.constdata)
    MASS_DeviceDescriptor                    0x0801260c   Data          18  usb_desc.o(.constdata)
    MASS_ConfigDescriptor                    0x0801261e   Data          32  usb_desc.o(.constdata)
    MASS_StringLangID                        0x0801263e   Data           4  usb_desc.o(.constdata)
    MASS_StringVendor                        0x08012642   Data          38  usb_desc.o(.constdata)
    MASS_StringProduct                       0x08012668   Data          38  usb_desc.o(.constdata)
    MASS_StringInterface                     0x0801268e   Data          16  usb_desc.o(.constdata)
    sdp_base_uuid                            0x08012c02   Data          16  bt_sdp.o(.constdata)
    adv_data                                 0x080137c0   Data           9  main.o(.constdata)
    __ctype_categories                       0x08013802   Data          64  ctype_c.o(.constdata)
    Region$$Table$$Base                      0x08013b64   Number         0  anon$$obj.o(Region$$Table)
    Region$$Table$$Limit                     0x08013b84   Number         0  anon$$obj.o(Region$$Table)
    SystemCoreClock                          0x20000000   Data           4  system_stm32f10x.o(.data)
    AHBPrescTable                            0x20000004   Data          16  system_stm32f10x.o(.data)
    StatusInfo                               0x20000028   Data           2  usb_core.o(.data)
    Data_Mul_MaxPacketSize                   0x2000002a   Data           1  usb_core.o(.data)
    EPindex                                  0x2000002c   Data           1  usb_init.o(.data)
    pInformation                             0x20000030   Data           4  usb_init.o(.data)
    pProperty                                0x20000034   Data           4  usb_init.o(.data)
    SaveState                                0x20000038   Data           2  usb_init.o(.data)
    wInterrupt_Mask                          0x2000003a   Data           2  usb_init.o(.data)
    pUser_Standard_Requests                  0x2000003c   Data           4  usb_init.o(.data)
    SaveRState                               0x20000040   Data           2  usb_int.o(.data)
    SaveTState                               0x20000042   Data           2  usb_int.o(.data)
    uart1_rev_len                            0x20000044   Data           1  hw_uart.o(.data)
    Mass_Memory_Size                         0x20000048   Data           8  mass_mal.o(.data)
    Mass_Block_Size                          0x20000050   Data           8  mass_mal.o(.data)
    Mass_Block_Count                         0x20000058   Data           8  mass_mal.o(.data)
    Status                                   0x20000060   Data           4  mass_mal.o(.data)
    Block_Read_count                         0x20000064   Data           4  memory.o(.data)
    Block_offset                             0x20000068   Data           4  memory.o(.data)
    Counter                                  0x2000006c   Data           4  memory.o(.data)
    Idx                                      0x20000070   Data           4  memory.o(.data)
    TransferState                            0x20000074   Data           1  memory.o(.data)
    Page00_Inquiry_Data                      0x20000088   Data           5  scsi_data.o(.data)
    Standard_Inquiry_Data                    0x2000008d   Data          29  scsi_data.o(.data)
    Standard_Inquiry_Data2                   0x200000aa   Data          36  scsi_data.o(.data)
    Mode_Sense6_data                         0x200000ce   Data           4  scsi_data.o(.data)
    Mode_Sense10_data                        0x200000d2   Data           8  scsi_data.o(.data)
    Scsi_Sense_Data                          0x200000da   Data          18  scsi_data.o(.data)
    ReadCapacity10_Data                      0x200000ec   Data           8  scsi_data.o(.data)
    ReadFormatCapacity_Data                  0x200000f4   Data          12  scsi_data.o(.data)
    Bot_State                                0x20000100   Data           1  usb_bot.o(.data)
    Data_Len                                 0x20000102   Data           2  usb_bot.o(.data)
    SCSI_LBA                                 0x20000104   Data           4  usb_bot.o(.data)
    SCSI_BlkLen                              0x20000108   Data           4  usb_bot.o(.data)
    MASS_StringSerial                        0x2000010c   Data          26  usb_desc.o(.data)
    wIstr                                    0x20000128   Data           2  usb_istr.o(.data)
    bIntPackSOF                              0x2000012a   Data           1  usb_istr.o(.data)
    pEpInt_IN                                0x2000012c   Data          28  usb_istr.o(.data)
    pEpInt_OUT                               0x20000148   Data          28  usb_istr.o(.data)
    Max_Lun                                  0x20000164   Data           4  usb_prop.o(.data)
    Device_Table                             0x20000168   Data           2  usb_prop.o(.data)
    Device_Property                          0x2000016c   Data          48  usb_prop.o(.data)
    User_Standard_Requests                   0x2000019c   Data          36  usb_prop.o(.data)
    Device_Descriptor                        0x200001c0   Data           8  usb_prop.o(.data)
    Config_Descriptor                        0x200001c8   Data           8  usb_prop.o(.data)
    String_Descriptor                        0x200001d0   Data          40  usb_prop.o(.data)
    bDeviceState                             0x200001f8   Data           4  usb_pwr.o(.data)
    fSuspendEnabled                          0x200001fc   Data           1  usb_pwr.o(.data)
    ResumeS                                  0x200001fd   Data           2  usb_pwr.o(.data)
    remotewakeupon                           0x20000200   Data           4  usb_pwr.o(.data)
    manuf_id                                 0x20000204   Data           1  hw_spi_flash.o(.data)
    device_id                                0x20000205   Data           1  hw_spi_flash.o(.data)
    spi_flash_size                           0x20000208   Data           4  hw_spi_flash.o(.data)
    block_count                              0x2000020c   Data           4  hw_spi_flash.o(.data)
    sector_total_count                       0x20000210   Data           4  hw_spi_flash.o(.data)
    hci_active_links                         0x20000218   Data           4  bt_hci.o(.data)
    hci_tmp_link                             0x2000021c   Data           4  bt_hci.o(.data)
    pcb                                      0x20000220   Data           4  bt_hci.o(.data)
    sigid_nxt                                0x20000228   Data           1  bt_l2cap.o(.data)
    l2cap_listen_pcbs                        0x2000022c   Data           4  bt_l2cap.o(.data)
    l2cap_active_pcbs                        0x20000230   Data           4  bt_l2cap.o(.data)
    l2cap_tmp_pcb                            0x20000234   Data           4  bt_l2cap.o(.data)
    l2cap_tmp_sig                            0x20000238   Data           4  bt_l2cap.o(.data)
    l2cap_insegs                             0x2000023c   Data           4  bt_l2cap.o(.data)
    l2cap_tmp_inseg                          0x20000240   Data           4  bt_l2cap.o(.data)
    a2dp_sink_active_pcbs                    0x20000288   Data           4  bt_a2dp_sink.o(.data)
    a2dp_sink_tmp_pcb                        0x2000028c   Data           4  bt_a2dp_sink.o(.data)
    a2dp_sink_cbs                            0x20000290   Data           4  bt_a2dp_sink.o(.data)
    pcm_data_len                             0x20000294   Data           4  bt_a2dp_sink.o(.data)
    local_seid                               0x20000298   Data           1  bt_avdtp.o(.data)
    avdtp_signal_open                        0x20000299   Data           1  bt_avdtp.o(.data)
    avdtp_active_pcbs                        0x2000029c   Data           4  bt_avdtp.o(.data)
    avdtp_tmp_pcb                            0x200002a0   Data           4  bt_avdtp.o(.data)
    avdtp_local_sep                          0x200002a4   Data           4  bt_avdtp.o(.data)
    avdtp_tmp_sep                            0x200002a8   Data           4  bt_avdtp.o(.data)
    avdtp_event_handler                      0x200002ac   Data           4  bt_avdtp.o(.data)
    avdtp_media_handler                      0x200002b0   Data           4  bt_avdtp.o(.data)
    rfcomm_listen_pcbs                       0x200002f0   Data           4  bt_rfcomm.o(.data)
    rfcomm_active_pcbs                       0x200002f4   Data           4  bt_rfcomm.o(.data)
    rfcomm_tmp_pcb                           0x200002f8   Data           4  bt_rfcomm.o(.data)
    rhdl_next                                0x200002fc   Data           4  bt_sdp.o(.data)
    tid_next                                 0x20000300   Data           2  bt_sdp.o(.data)
    sdp_pcbs                                 0x20000304   Data           4  bt_sdp.o(.data)
    sdp_tmp_pcb                              0x20000308   Data           4  bt_sdp.o(.data)
    sdp_server_records                       0x2000030c   Data           4  bt_sdp.o(.data)
    sdp_tmp_record                           0x20000310   Data           4  bt_sdp.o(.data)
    csr8x11_initscript                       0x20000314   Data         270  bt_vendor_csr8x11.o(.data)
    prepare_pos                              0x20000424   Data           4  bt_vendor_csr8x11.o(.data)
    pcsr8x11_initscript                      0x20000428   Data           4  bt_vendor_csr8x11.o(.data)
    csr8x11_mgr                              0x2000042c   Data          16  bt_vendor_csr8x11.o(.data)
    bt_wrapper_cb                            0x2000043c   Data           4  bt_wrapper.o(.data)
    bt_profile_mask                          0x20000440   Data           2  bt_wrapper.o(.data)
    bt_sco_connected                         0x20000442   Data           1  bt_wrapper.o(.data)
    bt_call_active                           0x20000443   Data           1  bt_wrapper.o(.data)
    p_bt_mm_cb                               0x20000468   Data           4  bt_memory.o(.data)
    sys_time                                 0x20000480   Data           4  main.o(.data)
    last_sys_time                            0x20000484   Data           4  main.o(.data)
    connect_addr                             0x20000488   Data           6  main.o(.data)
    adv_data_len                             0x2000048e   Data           1  main.o(.data)
    cmd_usage                                0x20000518   Data          80  main.o(.data)
    fs_sector_size                           0x2000056c   Data           2  diskio.o(.data)
    fs_sector_per_block                      0x2000056e   Data           2  diskio.o(.data)
    fs_flash_size                            0x20000570   Data           4  diskio.o(.data)
    __stdout                                 0x2000057c   Data           4  stdout.o(.data)
    __microlib_freelist                      0x20000580   Data           4  mvars.o(.data)
    __microlib_freelist_initialised          0x20000584   Data           4  mvars.o(.data)
    Device_Info                              0x20000588   Data          28  usb_init.o(.bss)
    uart1_rev_buffer                         0x200005a4   Data         256  hw_uart.o(.bss)
    Data_Buffer                              0x200006a4   Data       16384  memory.o(.bss)
    Bulk_Data_Buff                           0x200046a4   Data          64  usb_bot.o(.bss)
    CBW                                      0x200046e4   Data          32  usb_bot.o(.bss)
    CSW                                      0x20004704   Data          16  usb_bot.o(.bss)
    EP                                       0x20004714   Data          32  usb_pwr.o(.bss)
    spi_flash_buffer                         0x20004734   Data        4096  hw_spi_flash.o(.bss)
    timer                                    0x20005c84   Data        1024  bt_timer.o(.bss)
    sbc_context                              0x20006084   Data          20  bt_a2dp_sink.o(.bss)
    pcm_data                                 0x20006098   Data        1024  bt_a2dp_sink.o(.bss)
    link_key_instance                        0x20006498   Data          23  bt_wrapper.o(.bss)
    eir_data                                 0x200064af   Data         240  bt_wrapper.o(.bss)
    uart_if                                  0x200065c0   Data          24  bt_phybusif_h4.o(.bss)
    bt_ring_buf                              0x200065d8   Data          16  bt_phybusif_h4.o(.bss)
    bt_rx_buf                                0x200065e8   Data        4096  bt_phybusif_h4.o(.bss)
    bt_dma_rx_buf                            0x200075e8   Data        2048  bt_phybusif_h4.o(.bss)
    bt_tx_buff                               0x20007de8   Data        1024  bt_phybusif_h4.o(.bss)
    DMA_UART2                                0x200081e8   Data          44  bt_phybusif_h4.o(.bss)
    func_show                                0x20008214   Data          32  main.o(.bss)
    operate_show                             0x20008234   Data          32  main.o(.bss)
    status_show                              0x20008254   Data          32  main.o(.bss)
    key1_show                                0x20008274   Data          32  main.o(.bss)
    key2_show                                0x20008294   Data          32  main.o(.bss)
    key3_show                                0x200082b4   Data          32  main.o(.bss)
    tx_buf                                   0x200082d4   Data        5120  main.o(.bss)
    rx_buf                                   0x200096d4   Data        5120  main.o(.bss)
    spp_recv_data_json                       0x2000aad4   Data        1024  main.o(.bss)
    file_system                              0x2000aed4   Data        4144  fs_wrapper.o(.bss)
    file_system_work                         0x2000bf04   Data        4096  fs_wrapper.o(.bss)
    __heap_base                              0x2000cf08   Data           0  startup_stm32f10x_hd.o(HEAP)
    __heap_limit                             0x2000df08   Data           0  startup_stm32f10x_hd.o(HEAP)
    __initial_sp                             0x2000ef08   Data           0  startup_stm32f10x_hd.o(STACK)



==============================================================================

Memory Map of the image

  Image Entry point : 0x08000131

  Load Region LR_IROM1 (Base: 0x08000000, Size: 0x0001410c, Max: 0x00080000, ABSOLUTE, COMPRESSED[0x00013e3c])

    Execution Region ER_IROM1 (Base: 0x08000000, Size: 0x00013b84, Max: 0x00080000, ABSOLUTE)

    Base Addr    Size         Type   Attr      Idx    E Section Name        Object

    0x08000000   0x00000130   Data   RO            3    RESET               startup_stm32f10x_hd.o
    0x08000130   0x00000000   Code   RO        10549  * .ARM.Collect$$$$00000000  mc_w.l(entry.o)
    0x08000130   0x00000004   Code   RO        10890    .ARM.Collect$$$$00000001  mc_w.l(entry2.o)
    0x08000134   0x00000004   Code   RO        10893    .ARM.Collect$$$$00000004  mc_w.l(entry5.o)
    0x08000138   0x00000000   Code   RO        10895    .ARM.Collect$$$$00000008  mc_w.l(entry7b.o)
    0x08000138   0x00000000   Code   RO        10897    .ARM.Collect$$$$0000000A  mc_w.l(entry8b.o)
    0x08000138   0x00000008   Code   RO        10898    .ARM.Collect$$$$0000000B  mc_w.l(entry9a.o)
    0x08000140   0x00000000   Code   RO        10900    .ARM.Collect$$$$0000000D  mc_w.l(entry10a.o)
    0x08000140   0x00000000   Code   RO        10902    .ARM.Collect$$$$0000000F  mc_w.l(entry11a.o)
    0x08000140   0x00000004   Code   RO        10891    .ARM.Collect$$$$00002712  mc_w.l(entry2.o)
    0x08000144   0x00000024   Code   RO            4    .text               startup_stm32f10x_hd.o
    0x08000168   0x00000062   Code   RO        10553    .text               mc_w.l(uldiv.o)
    0x080001ca   0x0000001e   Code   RO        10555    .text               mc_w.l(llshl.o)
    0x080001e8   0x0000000c   Code   RO        10557    .text               mc_w.l(tolower.o)
    0x080001f4   0x00000024   Code   RO        10559    .text               mc_w.l(memcpya.o)
    0x08000218   0x00000024   Code   RO        10561    .text               mc_w.l(memseta.o)
    0x0800023c   0x0000000e   Code   RO        10567    .text               mc_w.l(strlen.o)
    0x0800024a   0x0000001c   Code   RO        10569    .text               mc_w.l(strcmp.o)
    0x08000266   0x0000001a   Code   RO        10571    .text               mc_w.l(memcmp.o)
    0x08000280   0x00000012   Code   RO        10573    .text               mc_w.l(strcpy.o)
    0x08000292   0x0000001e   Code   RO        10575    .text               mc_w.l(strncmp.o)
    0x080002b0   0x00000038   Code   RO        10868    .text               mc_w.l(__0sscanf.o)
    0x080002e8   0x00000338   Code   RO        10870    .text               mc_w.l(scanf_fp.o)
    0x08000620   0x0000014e   Code   RO        10874    .text               mf_w.l(dadd.o)
    0x0800076e   0x000000e4   Code   RO        10876    .text               mf_w.l(dmul.o)
    0x08000852   0x0000003e   Code   RO        10882    .text               mf_w.l(dfixi.o)
    0x08000890   0x00000030   Code   RO        10886    .text               mf_w.l(cdcmple.o)
    0x080008c0   0x00000030   Code   RO        10888    .text               mf_w.l(cdrcmple.o)
    0x080008f0   0x0000002c   Code   RO        10904    .text               mc_w.l(uidiv.o)
    0x0800091c   0x00000020   Code   RO        10906    .text               mc_w.l(llushr.o)
    0x0800093c   0x00000024   Code   RO        10908    .text               mc_w.l(llsshr.o)
    0x08000960   0x00000028   Code   RO        10912    .text               mc_w.l(scanf_char.o)
    0x08000988   0x00000040   Code   RO        10914    .text               mc_w.l(_sgetc.o)
    0x080009c8   0x0000009c   Code   RO        10916    .text               mc_w.l(strtod.o)
    0x08000a64   0x00000000   Code   RO        10918    .text               mc_w.l(iusefp.o)
    0x08000a64   0x000000ba   Code   RO        10919    .text               mf_w.l(depilogue.o)
    0x08000b1e   0x000000de   Code   RO        10921    .text               mf_w.l(ddiv.o)
    0x08000bfc   0x00000018   Code   RO        10923    .text               mf_w.l(dfltul.o)
    0x08000c14   0x00000030   Code   RO        10925    .text               mf_w.l(dfixul.o)
    0x08000c44   0x00000038   Code   RO        10927    .text               mf_w.l(d2f.o)
    0x08000c7c   0x00000024   Code   RO        10929    .text               mc_w.l(init.o)
    0x08000ca0   0x0000000a   Code   RO        10931    .text               mc_w.l(isspace_c.o)
    0x08000caa   0x00000002   PAD
    0x08000cac   0x0000032c   Code   RO        10933    .text               mc_w.l(_scanf.o)
    0x08000fd8   0x0000006e   Code   RO        10935    .text               mf_w.l(fepilogue.o)
    0x08001046   0x00000002   PAD
    0x08001048   0x00000028   Code   RO        10937    .text               mc_w.l(ctype_c.o)
    0x08001070   0x00000056   Code   RO        10948    .text               mc_w.l(__dczerorl2.o)
    0x080010c6   0x00000040   Code   RO         4684    i.Bot_Abort         usb_bot.o
    0x08001106   0x0000000c   Code   RO         3686    i.ByteSwap          usb_regs.o
    0x08001112   0x00000002   PAD
    0x08001114   0x000002c4   Code   RO         4685    i.CBW_Decode        usb_bot.o
    0x080013d8   0x00000288   Code   RO         3615    i.CTR_LP            usb_int.o
    0x08001660   0x00000034   Code   RO         3687    i.ClearDTOG_RX      usb_regs.o
    0x08001694   0x00000034   Code   RO         3688    i.ClearDTOG_TX      usb_regs.o
    0x080016c8   0x00000028   Code   RO         3693    i.Clear_Status_Out  usb_regs.o
    0x080016f0   0x00000018   Code   RO          978    i.DMA_Cmd           stm32f10x_dma.o
    0x08001708   0x0000014c   Code   RO          979    i.DMA_DeInit        stm32f10x_dma.o
    0x08001854   0x00000008   Code   RO          980    i.DMA_GetCurrDataCounter  stm32f10x_dma.o
    0x0800185c   0x0000003c   Code   RO          984    i.DMA_Init          stm32f10x_dma.o
    0x08001898   0x00000004   Code   RO          985    i.DMA_SetCurrDataCounter  stm32f10x_dma.o
    0x0800189c   0x000000c0   Code   RO         3398    i.DataStageIn       usb_core.o
    0x0800195c   0x000000bc   Code   RO         3399    i.DataStageOut      usb_core.o
    0x08001a18   0x00000298   Code   RO         3400    i.Data_Setup0       usb_core.o
    0x08001cb0   0x00000008   Code   RO         4772    i.EP1_IN_Callback   usb_endp.o
    0x08001cb8   0x00000008   Code   RO         4773    i.EP2_OUT_Callback  usb_endp.o
    0x08001cc0   0x00000034   Code   RO         4452    i.EXTI4_IRQHandler  hw_exti.o
    0x08001cf4   0x0000000c   Code   RO         1061    i.EXTI_ClearITPendingBit  stm32f10x_exti.o
    0x08001d00   0x00000094   Code   RO         1066    i.EXTI_Init         stm32f10x_exti.o
    0x08001d94   0x0000000c   Code   RO         4476    i.Enter_LowPowerMode  hw_config.o
    0x08001da0   0x00000040   Code   RO         1447    i.GPIO_EXTILineConfig  stm32f10x_gpio.o
    0x08001de0   0x00000116   Code   RO         1450    i.GPIO_Init         stm32f10x_gpio.o
    0x08001ef6   0x00000002   PAD
    0x08001ef8   0x00000090   Code   RO         1452    i.GPIO_PinRemapConfig  stm32f10x_gpio.o
    0x08001f88   0x00000012   Code   RO         1454    i.GPIO_ReadInputDataBit  stm32f10x_gpio.o
    0x08001f9a   0x00000004   Code   RO         1457    i.GPIO_ResetBits    stm32f10x_gpio.o
    0x08001f9e   0x00000004   Code   RO         1458    i.GPIO_SetBits      stm32f10x_gpio.o
    0x08001fa2   0x0000000a   Code   RO         1461    i.GPIO_WriteBit     stm32f10x_gpio.o
    0x08001fac   0x00000020   Code   RO         3705    i.GetEPRxAddr       usb_regs.o
    0x08001fcc   0x00000024   Code   RO         3706    i.GetEPRxCount      usb_regs.o
    0x08001ff0   0x00000018   Code   RO         3707    i.GetEPRxStatus     usb_regs.o
    0x08002008   0x00000020   Code   RO         3708    i.GetEPTxAddr       usb_regs.o
    0x08002028   0x0000001c   Code   RO         4832    i.Get_Max_Lun       usb_prop.o
    0x08002044   0x00000034   Code   RO         4477    i.Get_SerialNum     hw_config.o
    0x08002078   0x00000070   Code   RO         3401    i.In0_Process       usb_core.o
    0x080020e8   0x0000003e   Code   RO         4478    i.IntToUnicode      hw_config.o
    0x08002126   0x00000002   PAD
    0x08002128   0x00000020   Code   RO         4479    i.Leave_LowPowerMode  hw_config.o
    0x08002148   0x00000034   Code   RO         4564    i.MAL_GetStatus     mass_mal.o
    0x0800217c   0x00000026   Code   RO         4566    i.MAL_Read          mass_mal.o
    0x080021a2   0x00000026   Code   RO         4567    i.MAL_Write         mass_mal.o
    0x080021c8   0x00000060   Code   RO         4833    i.MASS_Data_Setup   usb_prop.o
    0x08002228   0x00000014   Code   RO         4834    i.MASS_GetConfigDescriptor  usb_prop.o
    0x0800223c   0x00000014   Code   RO         4835    i.MASS_GetDeviceDescriptor  usb_prop.o
    0x08002250   0x00000028   Code   RO         4836    i.MASS_GetStringDescriptor  usb_prop.o
    0x08002278   0x00000016   Code   RO         4837    i.MASS_Get_Interface_Setting  usb_prop.o
    0x0800228e   0x00000002   PAD
    0x08002290   0x0000005c   Code   RO         4838    i.MASS_NoData_Setup  usb_prop.o
    0x080022ec   0x000000ec   Code   RO         4839    i.MASS_Reset        usb_prop.o
    0x080023d8   0x00000002   Code   RO         4840    i.MASS_Status_In    usb_prop.o
    0x080023da   0x00000002   Code   RO         4841    i.MASS_Status_Out   usb_prop.o
    0x080023dc   0x00000028   Code   RO         4842    i.MASS_init         usb_prop.o
    0x08002404   0x0000001c   Code   RO         4843    i.Mass_Storage_ClearFeature  usb_prop.o
    0x08002420   0x0000008c   Code   RO         4686    i.Mass_Storage_In   usb_bot.o
    0x080024ac   0x00000090   Code   RO         4687    i.Mass_Storage_Out  usb_bot.o
    0x0800253c   0x00000030   Code   RO         4844    i.Mass_Storage_SetConfiguration  usb_prop.o
    0x0800256c   0x0000000c   Code   RO         4845    i.Mass_Storage_SetDeviceAddress  usb_prop.o
    0x08002578   0x00000002   Code   RO         3402    i.NOP_Process       usb_core.o
    0x0800257a   0x00000002   PAD
    0x0800257c   0x00000070   Code   RO          151    i.NVIC_Init         misc.o
    0x080025ec   0x00000014   Code   RO          152    i.NVIC_PriorityGroupConfig  misc.o
    0x08002600   0x00000138   Code   RO         3403    i.NoData_Setup0     usb_core.o
    0x08002738   0x00000050   Code   RO         3404    i.Out0_Process      usb_core.o
    0x08002788   0x00000028   Code   RO         3656    i.PMAToUserBufferCopy  usb_mem.o
    0x080027b0   0x00000048   Code   RO         3405    i.Post0_Process     usb_core.o
    0x080027f8   0x00000040   Code   RO         4950    i.PowerOn           usb_pwr.o
    0x08002838   0x00000020   Code   RO         1913    i.RCC_AHBPeriphClockCmd  stm32f10x_rcc.o
    0x08002858   0x00000020   Code   RO         1914    i.RCC_APB1PeriphClockCmd  stm32f10x_rcc.o
    0x08002878   0x00000020   Code   RO         1915    i.RCC_APB1PeriphResetCmd  stm32f10x_rcc.o
    0x08002898   0x00000020   Code   RO         1916    i.RCC_APB2PeriphClockCmd  stm32f10x_rcc.o
    0x080028b8   0x00000020   Code   RO         1917    i.RCC_APB2PeriphResetCmd  stm32f10x_rcc.o
    0x080028d8   0x000000d4   Code   RO         1924    i.RCC_GetClocksFreq  stm32f10x_rcc.o
    0x080029ac   0x0000000c   Code   RO         1942    i.RCC_USBCLKConfig  stm32f10x_rcc.o
    0x080029b8   0x00000104   Code   RO         4612    i.Read_Memory       memory.o
    0x08002abc   0x000000d0   Code   RO         4951    i.Resume            usb_pwr.o
    0x08002b8c   0x00000024   Code   RO         4952    i.Resume_Init       usb_pwr.o
    0x08002bb0   0x0000008c   Code   RO         5004    i.SCSI_Address_Management  usb_scsi.o
    0x08002c3c   0x00000030   Code   RO         5005    i.SCSI_Format_Cmd   usb_scsi.o
    0x08002c6c   0x00000048   Code   RO         5006    i.SCSI_Inquiry_Cmd  usb_scsi.o
    0x08002cb4   0x00000044   Code   RO         5007    i.SCSI_Invalid_Cmd  usb_scsi.o
    0x08002cf8   0x00000014   Code   RO         5008    i.SCSI_ModeSense10_Cmd  usb_scsi.o
    0x08002d0c   0x00000014   Code   RO         5009    i.SCSI_ModeSense6_Cmd  usb_scsi.o
    0x08002d20   0x00000078   Code   RO         5010    i.SCSI_Read10_Cmd   usb_scsi.o
    0x08002d98   0x0000009c   Code   RO         5011    i.SCSI_ReadCapacity10_Cmd  usb_scsi.o
    0x08002e34   0x00000088   Code   RO         5012    i.SCSI_ReadFormatCapacity_Cmd  usb_scsi.o
    0x08002ebc   0x00000028   Code   RO         5013    i.SCSI_RequestSense_Cmd  usb_scsi.o
    0x08002ee4   0x0000000e   Code   RO         5014    i.SCSI_Start_Stop_Unit_Cmd  usb_scsi.o
    0x08002ef2   0x00000002   PAD
    0x08002ef4   0x00000038   Code   RO         5015    i.SCSI_TestUnitReady_Cmd  usb_scsi.o
    0x08002f2c   0x00000040   Code   RO         5017    i.SCSI_Verify10_Cmd  usb_scsi.o
    0x08002f6c   0x00000078   Code   RO         5018    i.SCSI_Write10_Cmd  usb_scsi.o
    0x08002fe4   0x00000018   Code   RO         2429    i.SPI_Cmd           stm32f10x_spi.o
    0x08002ffc   0x00000012   Code   RO         2437    i.SPI_I2S_GetFlagStatus  stm32f10x_spi.o
    0x0800300e   0x00000006   Code   RO         2440    i.SPI_I2S_ReceiveData  stm32f10x_spi.o
    0x08003014   0x00000004   Code   RO         2441    i.SPI_I2S_SendData  stm32f10x_spi.o
    0x08003018   0x0000003c   Code   RO         2442    i.SPI_Init          stm32f10x_spi.o
    0x08003054   0x00000010   Code   RO         3716    i.SetBTABLE         usb_regs.o
    0x08003064   0x00000050   Code   RO         3406    i.SetDeviceAddress  usb_core.o
    0x080030b4   0x00000024   Code   RO         3730    i.SetEPRxAddr       usb_regs.o
    0x080030d8   0x0000004c   Code   RO         3731    i.SetEPRxCount      usb_regs.o
    0x08003124   0x00000040   Code   RO         3732    i.SetEPRxStatus     usb_regs.o
    0x08003164   0x00000034   Code   RO         3733    i.SetEPRxValid      usb_regs.o
    0x08003198   0x00000020   Code   RO         3734    i.SetEPTxAddr       usb_regs.o
    0x080031b8   0x0000001c   Code   RO         3735    i.SetEPTxCount      usb_regs.o
    0x080031d4   0x00000040   Code   RO         3736    i.SetEPTxStatus     usb_regs.o
    0x08003214   0x00000024   Code   RO         3738    i.SetEPType         usb_regs.o
    0x08003238   0x00000008   Code   RO           13    i.SetSysClock       system_stm32f10x.o
    0x08003240   0x000000e0   Code   RO           14    i.SetSysClockTo72   system_stm32f10x.o
    0x08003320   0x0000003c   Code   RO         4688    i.Set_CSW           usb_bot.o
    0x0800335c   0x0000000c   Code   RO         5019    i.Set_Scsi_Sense_Data  usb_scsi.o
    0x08003368   0x00000012   Code   RO         4481    i.Set_USBClock      hw_config.o
    0x0800337a   0x00000002   PAD
    0x0800337c   0x000000b8   Code   RO         3407    i.Setup0_Process    usb_core.o
    0x08003434   0x0000016c   Code   RO         3408    i.Standard_ClearFeature  usb_core.o
    0x080035a0   0x0000002c   Code   RO         3409    i.Standard_GetConfiguration  usb_core.o
    0x080035cc   0x00000024   Code   RO         3410    i.Standard_GetDescriptorData  usb_core.o
    0x080035f0   0x0000002c   Code   RO         3411    i.Standard_GetInterface  usb_core.o
    0x0800361c   0x00000100   Code   RO         3412    i.Standard_GetStatus  usb_core.o
    0x0800371c   0x00000048   Code   RO         3413    i.Standard_SetConfiguration  usb_core.o
    0x08003764   0x00000028   Code   RO         3414    i.Standard_SetDeviceFeature  usb_core.o
    0x0800378c   0x000000d0   Code   RO         3415    i.Standard_SetEndPointFeature  usb_core.o
    0x0800385c   0x0000006c   Code   RO         3416    i.Standard_SetInterface  usb_core.o
    0x080038c8   0x0000009c   Code   RO         4953    i.Suspend           usb_pwr.o
    0x08003964   0x00000018   Code   RO         9806    i.SysTick_Handler   main.o
    0x0800397c   0x00000060   Code   RO           16    i.SystemInit        system_stm32f10x.o
    0x080039dc   0x00000018   Code   RO         2596    i.TIM_Cmd           stm32f10x_tim.o
    0x080039f4   0x00000006   Code   RO         2615    i.TIM_GetCounter    stm32f10x_tim.o
    0x080039fa   0x00000002   PAD
    0x080039fc   0x000000a4   Code   RO         2667    i.TIM_TimeBaseInit  stm32f10x_tim.o
    0x08003aa0   0x00000012   Code   RO         2668    i.TIM_TimeBaseStructInit  stm32f10x_tim.o
    0x08003ab2   0x00000002   PAD
    0x08003ab4   0x00000038   Code   RO         4689    i.Transfer_Data_Request  usb_bot.o
    0x08003aec   0x00000058   Code   RO         4370    i.USART1_IRQHandler  hw_uart.o
    0x08003b44   0x000000a4   Code   RO         9694    i.USART2_IRQHandler  bt_phybusif_h4.o
    0x08003be8   0x0000001e   Code   RO         3141    i.USART_ClearITPendingBit  stm32f10x_usart.o
    0x08003c06   0x00000018   Code   RO         3144    i.USART_Cmd         stm32f10x_usart.o
    0x08003c1e   0x00000012   Code   RO         3145    i.USART_DMACmd      stm32f10x_usart.o
    0x08003c30   0x0000009c   Code   RO         3146    i.USART_DeInit      stm32f10x_usart.o
    0x08003ccc   0x0000001a   Code   RO         3147    i.USART_GetFlagStatus  stm32f10x_usart.o
    0x08003ce6   0x00000054   Code   RO         3148    i.USART_GetITStatus  stm32f10x_usart.o
    0x08003d3a   0x0000004a   Code   RO         3150    i.USART_ITConfig    stm32f10x_usart.o
    0x08003d84   0x000000d8   Code   RO         3151    i.USART_Init        stm32f10x_usart.o
    0x08003e5c   0x0000000a   Code   RO         3158    i.USART_ReceiveData  stm32f10x_usart.o
    0x08003e66   0x00000008   Code   RO         3161    i.USART_SendData    stm32f10x_usart.o
    0x08003e6e   0x00000002   Code   RO         4482    i.USB_Cable_Config  hw_config.o
    0x08003e70   0x0000003c   Code   RO         3579    i.USB_Init          usb_init.o
    0x08003eac   0x00000022   Code   RO         4483    i.USB_Interrupts_Config  hw_config.o
    0x08003ece   0x00000002   PAD
    0x08003ed0   0x000000f8   Code   RO         4802    i.USB_Istr          usb_istr.o
    0x08003fc8   0x00000008   Code   RO         4484    i.USB_LP_CAN1_RX0_IRQHandler  hw_config.o
    0x08003fd0   0x00000024   Code   RO         4058    i.USB_SIL_Init      usb_sil.o
    0x08003ff4   0x0000002e   Code   RO         4059    i.USB_SIL_Read      usb_sil.o
    0x08004022   0x0000002e   Code   RO         4060    i.USB_SIL_Write     usb_sil.o
    0x08004050   0x00000038   Code   RO         3657    i.UserToPMABufferCopy  usb_mem.o
    0x08004088   0x00000128   Code   RO         4613    i.Write_Memory      memory.o
    0x080041b0   0x00000020   Code   RO        10812    i.__0printf         mc_w.l(printfa.o)
    0x080041d0   0x00000028   Code   RO        10814    i.__0sprintf        mc_w.l(printfa.o)
    0x080041f8   0x0000005c   Code   RO        10844    i.__free$realloc    mc_w.l(mallocr.o)
    0x08004254   0x00000050   Code   RO        10845    i.__malloc$realloc  mc_w.l(mallocr.o)
    0x080042a4   0x0000000e   Code   RO        10942    i.__scatterload_copy  mc_w.l(handlers.o)
    0x080042b2   0x00000002   Code   RO        10943    i.__scatterload_null  mc_w.l(handlers.o)
    0x080042b4   0x0000000e   Code   RO        10944    i.__scatterload_zeroinit  mc_w.l(handlers.o)
    0x080042c2   0x00000002   PAD
    0x080042c4   0x00000184   Code   RO        10819    i._fp_digits        mc_w.l(printfa.o)
    0x08004448   0x0000000e   Code   RO        10872    i._is_digit         mc_w.l(scanf_fp.o)
    0x08004456   0x00000002   PAD
    0x08004458   0x000006dc   Code   RO        10820    i._printf_core      mc_w.l(printfa.o)
    0x08004b34   0x00000024   Code   RO        10821    i._printf_post_padding  mc_w.l(printfa.o)
    0x08004b58   0x0000002e   Code   RO        10822    i._printf_pre_padding  mc_w.l(printfa.o)
    0x08004b86   0x0000000a   Code   RO        10824    i._sputc            mc_w.l(printfa.o)
    0x08004b90   0x00000012   Code   RO         6451    i.a2dp_close        bt_a2dp_sink.o
    0x08004ba2   0x00000002   PAD
    0x08004ba4   0x0000004c   Code   RO         6452    i.a2dp_get_active_pcb  bt_a2dp_sink.o
    0x08004bf0   0x000000a8   Code   RO         6453    i.a2dp_new          bt_a2dp_sink.o
    0x08004c98   0x000000c8   Code   RO         6454    i.a2dp_signal_abort_ind  bt_a2dp_sink.o
    0x08004d60   0x000000f0   Code   RO         6455    i.a2dp_signal_close_ind  bt_a2dp_sink.o
    0x08004e50   0x000000f0   Code   RO         6456    i.a2dp_signal_connect_ind  bt_a2dp_sink.o
    0x08004f40   0x0000012c   Code   RO         6457    i.a2dp_signal_disconnect_ind  bt_a2dp_sink.o
    0x0800506c   0x00000130   Code   RO         6458    i.a2dp_signal_open_ind  bt_a2dp_sink.o
    0x0800519c   0x00000110   Code   RO         6459    i.a2dp_signal_set_config_ind  bt_a2dp_sink.o
    0x080052ac   0x000000c8   Code   RO         6460    i.a2dp_signal_start_ind  bt_a2dp_sink.o
    0x08005374   0x000000c8   Code   RO         6461    i.a2dp_signal_suspend_ind  bt_a2dp_sink.o
    0x0800543c   0x00000578   Code   RO         6462    i.a2dp_sink_event_handle  bt_a2dp_sink.o
    0x080059b4   0x00000104   Code   RO         6463    i.a2dp_sink_get_sbc_context_setting  bt_a2dp_sink.o
    0x08005ab8   0x000000ac   Code   RO         6464    i.a2dp_sink_init    bt_a2dp_sink.o
    0x08005b64   0x00000074   Code   RO         6465    i.a2dp_sink_media_handle  bt_a2dp_sink.o
    0x08005bd8   0x00000044   Code   RO         8419    i.a2dp_sink_signal_connect_realease  bt_wrapper.o
    0x08005c1c   0x00000044   Code   RO         8420    i.a2dp_sink_signal_connect_set_up  bt_wrapper.o
    0x08005c60   0x0000007c   Code   RO         8421    i.a2dp_sink_stream_abort  bt_wrapper.o
    0x08005cdc   0x00000044   Code   RO         8422    i.a2dp_sink_stream_connect_realease  bt_wrapper.o
    0x08005d20   0x00000044   Code   RO         8423    i.a2dp_sink_stream_connect_set_up  bt_wrapper.o
    0x08005d64   0x0000007c   Code   RO         8424    i.a2dp_sink_stream_realease  bt_wrapper.o
    0x08005de0   0x00000044   Code   RO         8425    i.a2dp_sink_stream_start  bt_wrapper.o
    0x08005e24   0x0000007c   Code   RO         8426    i.a2dp_sink_stream_suspend  bt_wrapper.o
    0x08005ea0   0x000000c8   Code   RO         6466    i.a2dp_stream_connect_ind  bt_a2dp_sink.o
    0x08005f68   0x000000c8   Code   RO         6467    i.a2dp_stream_disconnect_ind  bt_a2dp_sink.o
    0x08006030   0x0000002e   Code   RO         9072    i.add_item_to_array  cjson.o
    0x0800605e   0x00000076   Code   RO         9073    i.add_item_to_object  cjson.o
    0x080060d4   0x00000012   Code   RO         6620    i.avdtp_close       bt_avdtp.o
    0x080060e6   0x00000002   PAD
    0x080060e8   0x00000090   Code   RO         6621    i.avdtp_connect_ind  bt_avdtp.o
    0x08006178   0x00000040   Code   RO         6622    i.avdtp_create_sep  bt_avdtp.o
    0x080061b8   0x00000058   Code   RO         6623    i.avdtp_get_active_pcb  bt_avdtp.o
    0x08006210   0x00000020   Code   RO         6624    i.avdtp_get_next_local_seid  bt_avdtp.o
    0x08006230   0x00000032   Code   RO         6626    i.avdtp_get_spec_cap_value  bt_avdtp.o
    0x08006262   0x00000002   PAD
    0x08006264   0x000000e0   Code   RO         6627    i.avdtp_handle_abort  bt_avdtp.o
    0x08006344   0x000000e0   Code   RO         6628    i.avdtp_handle_close  bt_avdtp.o
    0x08006424   0x00000148   Code   RO         6629    i.avdtp_handle_discovery  bt_avdtp.o
    0x0800656c   0x000001ac   Code   RO         6630    i.avdtp_handle_get_all_capabilities  bt_avdtp.o
    0x08006718   0x000001b8   Code   RO         6631    i.avdtp_handle_get_capabilities  bt_avdtp.o
    0x080068d0   0x000000e8   Code   RO         6632    i.avdtp_handle_open  bt_avdtp.o
    0x080069b8   0x000000e4   Code   RO         6633    i.avdtp_handle_set_configuration  bt_avdtp.o
    0x08006a9c   0x000000e0   Code   RO         6634    i.avdtp_handle_start  bt_avdtp.o
    0x08006b7c   0x000000e0   Code   RO         6635    i.avdtp_handle_suspend  bt_avdtp.o
    0x08006c5c   0x0000007c   Code   RO         6636    i.avdtp_init        bt_avdtp.o
    0x08006cd8   0x00000088   Code   RO         6637    i.avdtp_media_input  bt_avdtp.o
    0x08006d60   0x000000a0   Code   RO         6638    i.avdtp_new         bt_avdtp.o
    0x08006e00   0x00000010   Code   RO         6639    i.avdtp_parse_media_codec_cap  bt_avdtp.o
    0x08006e10   0x0000000e   Code   RO         6640    i.avdtp_register_media_codec_category  bt_avdtp.o
    0x08006e1e   0x0000000a   Code   RO         6641    i.avdtp_register_media_transport_category  bt_avdtp.o
    0x08006e28   0x000000a4   Code   RO         6643    i.avdtp_sep_new     bt_avdtp.o
    0x08006ecc   0x000000c8   Code   RO         6644    i.avdtp_signal_disconnect_ind  bt_avdtp.o
    0x08006f94   0x000002ec   Code   RO         6645    i.avdtp_signal_input  bt_avdtp.o
    0x08007280   0x00000064   Code   RO         6646    i.avdtp_stream_disconnect_ind  bt_avdtp.o
    0x080072e4   0x00000004   Code   RO         8645    i.bcm43430a1_instance  bt_vendor_bcm43430a1.o
    0x080072e8   0x00000068   Code   RO         9807    i.board_init        main.o
    0x08007350   0x00000054   Code   RO         5351    i.bt_addr_dump      bt_common.o
    0x080073a4   0x00000028   Code   RO         9808    i.bt_app_a2dp_abort  main.o
    0x080073cc   0x0000002c   Code   RO         9809    i.bt_app_a2dp_relase  main.o
    0x080073f8   0x00000034   Code   RO         9810    i.bt_app_a2dp_signal_connect  main.o
    0x0800742c   0x00000074   Code   RO         9811    i.bt_app_a2dp_signal_disconnect  main.o
    0x080074a0   0x00000030   Code   RO         9812    i.bt_app_a2dp_start  main.o
    0x080074d0   0x000000b8   Code   RO         9813    i.bt_app_a2dp_stream_connect  main.o
    0x08007588   0x00000034   Code   RO         9814    i.bt_app_a2dp_stream_disconnect  main.o
    0x080075bc   0x0000002c   Code   RO         9815    i.bt_app_a2dp_suspend  main.o
    0x080075e8   0x00000090   Code   RO         9816    i.bt_app_hfp_batt_level_ind  main.o
    0x08007678   0x00000068   Code   RO         9817    i.bt_app_hfp_call_pn  main.o
    0x080076e0   0x00000090   Code   RO         9818    i.bt_app_hfp_call_setup  main.o
    0x08007770   0x00000090   Code   RO         9819    i.bt_app_hfp_call_status  main.o
    0x08007800   0x000000dc   Code   RO         9820    i.bt_app_hfp_connect  main.o
    0x080078dc   0x00000088   Code   RO         9821    i.bt_app_hfp_disconnect  main.o
    0x08007964   0x0000006c   Code   RO         9822    i.bt_app_hfp_local_pn  main.o
    0x080079d0   0x00000068   Code   RO         9823    i.bt_app_hfp_manu_id  main.o
    0x08007a38   0x00000070   Code   RO         9824    i.bt_app_hfp_module_id  main.o
    0x08007aa8   0x00000074   Code   RO         9825    i.bt_app_hfp_operator  main.o
    0x08007b1c   0x00000090   Code   RO         9826    i.bt_app_hfp_roam_status_ind  main.o
    0x08007bac   0x000000c8   Code   RO         9827    i.bt_app_hfp_sco_connect  main.o
    0x08007c74   0x00000084   Code   RO         9828    i.bt_app_hfp_sco_disconnect  main.o
    0x08007cf8   0x0000009c   Code   RO         9829    i.bt_app_hfp_signal_strength_ind  main.o
    0x08007d94   0x000000bc   Code   RO         9830    i.bt_app_init_result  main.o
    0x08007e50   0x000000c4   Code   RO         9831    i.bt_app_inquiry_result  main.o
    0x08007f14   0x00000074   Code   RO         9832    i.bt_app_inquiry_status  main.o
    0x08007f88   0x0000020c   Code   RO         9833    i.bt_app_le_inquiry_result  main.o
    0x08008194   0x00000030   Code   RO         9834    i.bt_app_le_inquiry_status  main.o
    0x080081c4   0x000000dc   Code   RO         9835    i.bt_app_spp_connect  main.o
    0x080082a0   0x00000088   Code   RO         9836    i.bt_app_spp_disconnect  main.o
    0x08008328   0x000000bc   Code   RO         9837    i.bt_app_spp_recv_data  main.o
    0x080083e4   0x000000ec   Code   RO         8427    i.bt_ass_eir_data   bt_wrapper.o
    0x080084d0   0x0000000e   Code   RO         5354    i.bt_be_read_16     bt_common.o
    0x080084de   0x0000001e   Code   RO         5356    i.bt_be_read_32     bt_common.o
    0x080084fc   0x00000016   Code   RO         5357    i.bt_be_store_16    bt_common.o
    0x08008512   0x0000002e   Code   RO         5359    i.bt_be_store_32    bt_common.o
    0x08008540   0x00000008   Code   RO         9695    i.bt_get_tx_buffer  bt_phybusif_h4.o
    0x08008548   0x00000084   Code   RO         5361    i.bt_hex_dump       bt_common.o
    0x080085cc   0x00000034   Code   RO         8431    i.bt_inquiry_complete  bt_wrapper.o
    0x08008600   0x00000198   Code   RO         8432    i.bt_inquiry_result  bt_wrapper.o
    0x08008798   0x0000002a   Code   RO         8433    i.bt_le_adv_data_parse  bt_wrapper.o
    0x080087c2   0x00000012   Code   RO         8434    i.bt_le_adv_get_data  bt_wrapper.o
    0x080087d4   0x00000014   Code   RO         8435    i.bt_le_adv_get_size  bt_wrapper.o
    0x080087e8   0x0000000e   Code   RO         8436    i.bt_le_adv_get_type  bt_wrapper.o
    0x080087f6   0x00000012   Code   RO         8437    i.bt_le_adv_has_more  bt_wrapper.o
    0x08008808   0x0000000e   Code   RO         8438    i.bt_le_adv_parse_init  bt_wrapper.o
    0x08008816   0x00000002   PAD
    0x08008818   0x00000034   Code   RO         8439    i.bt_le_inquiry_complete  bt_wrapper.o
    0x0800884c   0x00000044   Code   RO         8440    i.bt_le_inquiry_result  bt_wrapper.o
    0x08008890   0x0000000e   Code   RO         5362    i.bt_le_read_16     bt_common.o
    0x0800889e   0x0000000c   Code   RO         8441    i.bt_le_set_adv_disable  bt_wrapper.o
    0x080088aa   0x0000003a   Code   RO         8442    i.bt_le_set_adv_enable  bt_wrapper.o
    0x080088e4   0x00000050   Code   RO         8443    i.bt_le_start_inquiry  bt_wrapper.o
    0x08008934   0x0000000a   Code   RO         8444    i.bt_le_stop_inquiry  bt_wrapper.o
    0x0800893e   0x00000016   Code   RO         5365    i.bt_le_store_16    bt_common.o
    0x08008954   0x00000024   Code   RO         5366    i.bt_le_store_24    bt_common.o
    0x08008978   0x00000002   Code   RO         6248    i.bt_mem_trim       bt_mem.o
    0x0800897a   0x00000002   PAD
    0x0800897c   0x00000104   Code   RO         8942    i.bt_memory_allocate_packet  bt_memory.o
    0x08008a80   0x00000078   Code   RO         8943    i.bt_memory_check_and_merge  bt_memory.o
    0x08008af8   0x00000108   Code   RO         8944    i.bt_memory_free_packet  bt_memory.o
    0x08008c00   0x000000ac   Code   RO         8945    i.bt_memory_init    bt_memory.o
    0x08008cac   0x00000028   Code   RO         8946    i.bt_memory_is_allocatable_packet  bt_memory.o
    0x08008cd4   0x0000001c   Code   RO         6260    i.bt_memp_free      bt_memp.o
    0x08008cf0   0x00000074   Code   RO         6261    i.bt_memp_init      bt_memp.o
    0x08008d64   0x0000003c   Code   RO         6262    i.bt_memp_malloc    bt_memp.o
    0x08008da0   0x00000048   Code   RO         5368    i.bt_parse_cod      bt_common.o
    0x08008de8   0x0000034c   Code   RO         6318    i.bt_pbuf_alloc     bt_pbuf.o
    0x08009134   0x000000d8   Code   RO         6319    i.bt_pbuf_cat       bt_pbuf.o
    0x0800920c   0x00000016   Code   RO         6320    i.bt_pbuf_chain     bt_pbuf.o
    0x08009222   0x00000002   PAD
    0x08009224   0x000000ec   Code   RO         6322    i.bt_pbuf_copy_partial  bt_pbuf.o
    0x08009310   0x00000094   Code   RO         6323    i.bt_pbuf_dechain   bt_pbuf.o
    0x080093a4   0x000000ac   Code   RO         6324    i.bt_pbuf_free      bt_pbuf.o
    0x08009450   0x00000012   Code   RO         6325    i.bt_pbuf_header    bt_pbuf.o
    0x08009462   0x00000002   PAD
    0x08009464   0x00000140   Code   RO         6326    i.bt_pbuf_realloc   bt_pbuf.o
    0x080095a4   0x0000003c   Code   RO         6327    i.bt_pbuf_ref       bt_pbuf.o
    0x080095e0   0x00000150   Code   RO         6329    i.bt_pbuf_take      bt_pbuf.o
    0x08009730   0x00000048   Code   RO         9838    i.bt_reset_chip     main.o
    0x08009778   0x00000060   Code   RO         8445    i.bt_stack_worked   bt_wrapper.o
    0x080097d8   0x00000088   Code   RO         8446    i.bt_start          bt_wrapper.o
    0x08009860   0x00000050   Code   RO         8447    i.bt_start_inquiry  bt_wrapper.o
    0x080098b0   0x00000028   Code   RO         8449    i.bt_stop           bt_wrapper.o
    0x080098d8   0x0000000a   Code   RO         8450    i.bt_stop_inquiry   bt_wrapper.o
    0x080098e2   0x00000002   PAD
    0x080098e4   0x0000003c   Code   RO         8633    i.bt_vendor_get_chip_mrg  bt_vendor_manager.o
    0x08009920   0x0000003a   Code   RO         9074    i.buffer_skip_whitespace  cjson.o
    0x0800995a   0x00000002   PAD
    0x0800995c   0x00000034   Code   RO         9087    i.cJSON_AddStringToObject  cjson.o
    0x08009990   0x00000018   Code   RO         9099    i.cJSON_CreateObject  cjson.o
    0x080099a8   0x00000034   Code   RO         9102    i.cJSON_CreateString  cjson.o
    0x080099dc   0x00000058   Code   RO         9106    i.cJSON_Delete      cjson.o
    0x08009a34   0x00000012   Code   RO         9118    i.cJSON_GetObjectItem  cjson.o
    0x08009a46   0x0000001a   Code   RO         9135    i.cJSON_New_Item    cjson.o
    0x08009a60   0x00000010   Code   RO         9136    i.cJSON_Parse       cjson.o
    0x08009a70   0x000000d4   Code   RO         9137    i.cJSON_ParseWithOpts  cjson.o
    0x08009b44   0x00000014   Code   RO         9138    i.cJSON_Print       cjson.o
    0x08009b58   0x00000038   Code   RO         9150    i.cJSON_strdup      cjson.o
    0x08009b90   0x00000048   Code   RO         9151    i.case_insensitive_strcmp  cjson.o
    0x08009bd8   0x00000002   Code   RO         9152    i.cast_away_const   cjson.o
    0x08009bda   0x00000002   PAD
    0x08009bdc   0x0000007c   Code   RO        10149    i.check_fs          ff.o
    0x08009c58   0x00000008   Code   RO         8381    i.csr8x11_instance  bt_vendor_csr8x11.o
    0x08009c60   0x0000000c   Code   RO         8382    i.csr8x11_vendor_deinit  bt_vendor_csr8x11.o
    0x08009c6c   0x0000009c   Code   RO         8383    i.csr8x11_vendor_init  bt_vendor_csr8x11.o
    0x08009d08   0x00000002   Code   RO         8384    i.csr8x11_vendor_set_baud_rate  bt_vendor_csr8x11.o
    0x08009d0a   0x00000002   PAD
    0x08009d0c   0x00000034   Code   RO         6969    i.did_init          bt_did.o
    0x08009d40   0x00000040   Code   RO        10086    i.disk_initialize   diskio.o
    0x08009d80   0x00000054   Code   RO        10087    i.disk_ioctl        diskio.o
    0x08009dd4   0x00000040   Code   RO        10088    i.disk_read         diskio.o
    0x08009e14   0x00000006   Code   RO        10089    i.disk_status       diskio.o
    0x08009e1a   0x00000002   PAD
    0x08009e1c   0x00000040   Code   RO        10090    i.disk_write        diskio.o
    0x08009e5c   0x000000ba   Code   RO         9154    i.ensure            cjson.o
    0x08009f16   0x00000002   PAD
    0x08009f18   0x0000068c   Code   RO        10173    i.f_mkfs            ff.o
    0x0800a5a4   0x00000054   Code   RO        10174    i.f_mount           ff.o
    0x0800a5f8   0x0000003c   Code   RO         6989    i.fcs8_crc          bt_fcs.o
    0x0800a634   0x0000001a   Code   RO         6990    i.fcs8_crc_calc     bt_fcs.o
    0x0800a64e   0x00000002   PAD
    0x0800a650   0x00000030   Code   RO         6991    i.fcs8_crc_check    bt_fcs.o
    0x0800a680   0x000000a0   Code   RO        10521    i.file_system_init  fs_wrapper.o
    0x0800a720   0x00000028   Code   RO         6413    i.find_idle_timer   bt_timer.o
    0x0800a748   0x0000030c   Code   RO        10189    i.find_volume       ff.o
    0x0800aa54   0x00000040   Code   RO         4371    i.fputc             hw_uart.o
    0x0800aa94   0x00000004   Code   RO         9156    i.get_decimal_point  cjson.o
    0x0800aa98   0x00000004   Code   RO        10091    i.get_fattime       diskio.o
    0x0800aa9c   0x0000004e   Code   RO        10193    i.get_ldnumber      ff.o
    0x0800aaea   0x00000052   Code   RO         9157    i.get_object_item   cjson.o
    0x0800ab3c   0x000000b4   Code   RO         5495    i.hci_acl_write     bt_hci.o
    0x0800abf0   0x0000000c   Code   RO         5497    i.hci_bt_working    bt_hci.o
    0x0800abfc   0x00000064   Code   RO         5499    i.hci_cancel_inquiry  bt_hci.o
    0x0800ac60   0x00000070   Code   RO         5501    i.hci_close         bt_hci.o
    0x0800acd0   0x00000038   Code   RO         5502    i.hci_cmd_ass       bt_hci.o
    0x0800ad08   0x00000048   Code   RO         5513    i.hci_get_link      bt_hci.o
    0x0800ad50   0x0000008c   Code   RO         5519    i.hci_init          bt_hci.o
    0x0800addc   0x00000098   Code   RO         5521    i.hci_inquiry       bt_hci.o
    0x0800ae74   0x00000050   Code   RO         5525    i.hci_le_cancel_inquiry  bt_hci.o
    0x0800aec4   0x0000005c   Code   RO         5526    i.hci_le_inquiry    bt_hci.o
    0x0800af20   0x00000064   Code   RO         5527    i.hci_le_set_adv_data  bt_hci.o
    0x0800af84   0x00000042   Code   RO         5528    i.hci_le_set_adv_enable  bt_hci.o
    0x0800afc6   0x000000aa   Code   RO         5529    i.hci_le_set_adv_param  bt_hci.o
    0x0800b070   0x0000000c   Code   RO         5530    i.hci_link_key_not  bt_hci.o
    0x0800b07c   0x0000000c   Code   RO         5531    i.hci_link_key_req  bt_hci.o
    0x0800b088   0x00000044   Code   RO         5532    i.hci_link_key_request_negative_reply  bt_hci.o
    0x0800b0cc   0x00000054   Code   RO         5533    i.hci_link_key_request_reply  bt_hci.o
    0x0800b120   0x0000000c   Code   RO         5535    i.hci_pdu_maxsize   bt_hci.o
    0x0800b12c   0x00000066   Code   RO         5538    i.hci_pin_code_request_reply  bt_hci.o
    0x0800b192   0x00000002   PAD
    0x0800b194   0x0000000c   Code   RO         5539    i.hci_pin_req       bt_hci.o
    0x0800b1a0   0x00000050   Code   RO         5550    i.hci_reset         bt_hci.o
    0x0800b1f0   0x00000060   Code   RO         5551    i.hci_reset_all     bt_hci.o
    0x0800b250   0x0000000a   Code   RO         5552    i.hci_reset_timeout  bt_hci.o
    0x0800b25a   0x00000002   PAD
    0x0800b25c   0x00000030   Code   RO         5557    i.hci_set_chip_name  bt_hci.o
    0x0800b28c   0x00000080   Code   RO         5561    i.hci_set_le_scan_param  bt_hci.o
    0x0800b30c   0x00000054   Code   RO         5571    i.hci_write_eir     bt_hci.o
    0x0800b360   0x0000006c   Code   RO         4425    i.hw_button_init    hw_button.o
    0x0800b3cc   0x00000060   Code   RO         4121    i.hw_delay_ms       hw_misc.o
    0x0800b42c   0x0000000c   Code   RO         4122    i.hw_delay_us       hw_misc.o
    0x0800b438   0x00000064   Code   RO         4094    i.hw_led_init       hw_led.o
    0x0800b49c   0x00000042   Code   RO         4163    i.hw_oled_clear     hw_oled.o
    0x0800b4de   0x00000002   PAD
    0x0800b4e0   0x000000dc   Code   RO         4169    i.hw_oled_init      hw_oled.o
    0x0800b5bc   0x0000002a   Code   RO         4176    i.hw_oled_set_pos   hw_oled.o
    0x0800b5e6   0x00000002   PAD
    0x0800b5e8   0x000000c0   Code   RO         4178    i.hw_oled_show_char  hw_oled.o
    0x0800b6a8   0x00000054   Code   RO         4181    i.hw_oled_show_string  hw_oled.o
    0x0800b6fc   0x00000018   Code   RO         4182    i.hw_oled_write_byte  hw_oled.o
    0x0800b714   0x00000044   Code   RO         5264    i.hw_sht2x_init     hw_sht2x.o
    0x0800b758   0x00000022   Code   RO         5265    i.hw_sht2x_sw_reset  hw_sht2x.o
    0x0800b77a   0x00000002   PAD
    0x0800b77c   0x00000070   Code   RO         5120    i.hw_spi_flash_erase_sector  hw_spi_flash.o
    0x0800b7ec   0x00000004   Code   RO         5121    i.hw_spi_flash_get_block_size  hw_spi_flash.o
    0x0800b7f0   0x0000000c   Code   RO         5122    i.hw_spi_flash_get_sector_count  hw_spi_flash.o
    0x0800b7fc   0x00000006   Code   RO         5123    i.hw_spi_flash_get_sector_size  hw_spi_flash.o
    0x0800b802   0x00000002   PAD
    0x0800b804   0x0000000c   Code   RO         5124    i.hw_spi_flash_get_size  hw_spi_flash.o
    0x0800b810   0x00000284   Code   RO         5125    i.hw_spi_flash_init  hw_spi_flash.o
    0x0800ba94   0x00000080   Code   RO         5127    i.hw_spi_flash_read  hw_spi_flash.o
    0x0800bb14   0x00000054   Code   RO         5128    i.hw_spi_flash_read_manu_dev_id  hw_spi_flash.o
    0x0800bb68   0x00000054   Code   RO         5129    i.hw_spi_flash_read_reg  hw_spi_flash.o
    0x0800bbbc   0x00000014   Code   RO         5130    i.hw_spi_flash_wait_idle  hw_spi_flash.o
    0x0800bbd0   0x000000bc   Code   RO         5132    i.hw_spi_flash_write  hw_spi_flash.o
    0x0800bc8c   0x00000024   Code   RO         5134    i.hw_spi_flash_write_enable  hw_spi_flash.o
    0x0800bcb0   0x00000046   Code   RO         5135    i.hw_spi_flash_write_nocheck  hw_spi_flash.o
    0x0800bcf6   0x00000002   PAD
    0x0800bcf8   0x00000084   Code   RO         5136    i.hw_spi_flash_write_page  hw_spi_flash.o
    0x0800bd7c   0x0000004c   Code   RO         4339    i.hw_systick_init   hw_systick.o
    0x0800bdc8   0x00000006   Code   RO         4124    i.hw_timer_reset_count  hw_misc.o
    0x0800bdce   0x00000002   PAD
    0x0800bdd0   0x00000120   Code   RO         9697    i.hw_uart_bt_init   bt_phybusif_h4.o
    0x0800bef0   0x00000104   Code   RO         4372    i.hw_uart_debug_init  hw_uart.o
    0x0800bff4   0x00000050   Code   RO        10846    i.internal_alloc    mc_w.l(mallocr.o)
    0x0800c044   0x00000012   Code   RO         8987    i.is_power_of_2     ringbuffer.o
    0x0800c056   0x00000002   PAD
    0x0800c058   0x000000f4   Code   RO         6089    i.l2cap_close       bt_l2cap.o
    0x0800c14c   0x00000082   Code   RO         6092    i.l2cap_datawrite   bt_l2cap.o
    0x0800c1ce   0x00000002   PAD
    0x0800c1d0   0x0000003c   Code   RO         6095    i.l2cap_init        bt_l2cap.o
    0x0800c20c   0x0000003e   Code   RO         6096    i.l2cap_new         bt_l2cap.o
    0x0800c24a   0x00000002   PAD
    0x0800c24c   0x00000048   Code   RO         6100    i.l2cap_register_connect_ind  bt_l2cap.o
    0x0800c294   0x00000004   Code   RO         6101    i.l2cap_register_disconnect_ind  bt_l2cap.o
    0x0800c298   0x00000004   Code   RO         6102    i.l2cap_register_recv  bt_l2cap.o
    0x0800c29c   0x000000b4   Code   RO         6104    i.l2cap_reset_all   bt_l2cap.o
    0x0800c350   0x0000008a   Code   RO         6108    i.l2cap_write       bt_l2cap.o
    0x0800c3da   0x00000018   Code   RO        10195    i.ld_dword          ff.o
    0x0800c3f2   0x0000000c   Code   RO        10196    i.ld_word           ff.o
    0x0800c3fe   0x00000002   PAD
    0x0800c400   0x000000d8   Code   RO         8452    i.link_key_not      bt_wrapper.o
    0x0800c4d8   0x00000088   Code   RO         8453    i.link_key_req      bt_wrapper.o
    0x0800c560   0x0000005c   Code   RO         9839    i.main              main.o
    0x0800c5bc   0x00000024   Code   RO        10197    i.mem_cmp           ff.o
    0x0800c5e0   0x0000001a   Code   RO        10198    i.mem_cpy           ff.o
    0x0800c5fa   0x00000012   Code   RO        10199    i.mem_set           ff.o
    0x0800c60c   0x00000034   Code   RO        10200    i.move_window       ff.o
    0x0800c640   0x0000002c   Code   RO         8657    i.msbc_pack_frame   sbc.o
    0x0800c66c   0x0000005c   Code   RO         8658    i.msbc_unpack_frame  sbc.o
    0x0800c6c8   0x00000130   Code   RO         9840    i.operate_stauts_oled_show  main.o
    0x0800c7f8   0x000000f4   Code   RO         9158    i.parse_array       cjson.o
    0x0800c8ec   0x0000005a   Code   RO         9159    i.parse_hex4        cjson.o
    0x0800c946   0x00000002   PAD
    0x0800c948   0x00000138   Code   RO         9160    i.parse_number      cjson.o
    0x0800ca80   0x0000013a   Code   RO         9161    i.parse_object      cjson.o
    0x0800cbba   0x0000018c   Code   RO         9162    i.parse_string      cjson.o
    0x0800cd46   0x00000002   PAD
    0x0800cd48   0x0000013c   Code   RO         9163    i.parse_value       cjson.o
    0x0800ce84   0x000000a4   Code   RO         6331    i.pbuf_header_impl  bt_pbuf.o
    0x0800cf28   0x00000020   Code   RO         9700    i.phybusif_open     bt_phybusif_h4.o
    0x0800cf48   0x0000003c   Code   RO         9701    i.phybusif_output   bt_phybusif_h4.o
    0x0800cf84   0x00000018   Code   RO         9702    i.phybusif_reopen   bt_phybusif_h4.o
    0x0800cf9c   0x00000024   Code   RO         9703    i.phybusif_reset    bt_phybusif_h4.o
    0x0800cfc0   0x00000028   Code   RO         5582    i.pin_req_handle    bt_hci.o
    0x0800cfe8   0x000000b2   Code   RO         9164    i.print             cjson.o
    0x0800d09a   0x000000b2   Code   RO         9165    i.print_array       cjson.o
    0x0800d14c   0x000000f4   Code   RO         9166    i.print_number      cjson.o
    0x0800d240   0x00000174   Code   RO         9167    i.print_object      cjson.o
    0x0800d3b4   0x00000010   Code   RO         9168    i.print_string      cjson.o
    0x0800d3c4   0x00000174   Code   RO         9169    i.print_string_ptr  cjson.o
    0x0800d538   0x00000104   Code   RO         9170    i.print_value       cjson.o
    0x0800d63c   0x00000020   Code   RO         4183    i.protocol_iic_start  hw_oled.o
    0x0800d65c   0x00000020   Code   RO         4184    i.protocol_iic_stop  hw_oled.o
    0x0800d67c   0x00000018   Code   RO         4185    i.protocol_iic_wait_ack  hw_oled.o
    0x0800d694   0x00000054   Code   RO         4186    i.protocol_iic_write_byte  hw_oled.o
    0x0800d6e8   0x0000002c   Code   RO         4187    i.protocol_iic_write_cmd  hw_oled.o
    0x0800d714   0x0000002c   Code   RO         4188    i.protocol_iic_write_data  hw_oled.o
    0x0800d740   0x00000080   Code   RO         5138    i.protocol_spi1_init  hw_spi_flash.o
    0x0800d7c0   0x00000054   Code   RO         5139    i.protocol_spi1_read_write_byte  hw_spi_flash.o
    0x0800d814   0x0000006c   Code   RO        10847    i.realloc           mc_w.l(mallocr.o)
    0x0800d880   0x00000018   Code   RO         7957    i.rfcomm_accept     bt_rfcomm.o
    0x0800d898   0x000000e4   Code   RO         7959    i.rfcomm_close      bt_rfcomm.o
    0x0800d97c   0x000000e0   Code   RO         7960    i.rfcomm_connect    bt_rfcomm.o
    0x0800da5c   0x00000024   Code   RO         7961    i.rfcomm_connect_ind  bt_rfcomm.o
    0x0800da80   0x00000004   Code   RO         7962    i.rfcomm_disc       bt_rfcomm.o
    0x0800da84   0x0000001e   Code   RO         7964    i.rfcomm_disconnect_ind  bt_rfcomm.o
    0x0800daa2   0x00000018   Code   RO         7965    i.rfcomm_disconnected  bt_rfcomm.o
    0x0800daba   0x0000004e   Code   RO         7966    i.rfcomm_dm         bt_rfcomm.o
    0x0800db08   0x00000060   Code   RO         7967    i.rfcomm_get_active_pcb  bt_rfcomm.o
    0x0800db68   0x00000058   Code   RO         7968    i.rfcomm_init       bt_rfcomm.o
    0x0800dbc0   0x000005f2   Code   RO         7969    i.rfcomm_input      bt_rfcomm.o
    0x0800e1b2   0x00000088   Code   RO         7970    i.rfcomm_issue_credits  bt_rfcomm.o
    0x0800e23a   0x00000002   PAD
    0x0800e23c   0x00000044   Code   RO         7971    i.rfcomm_listen     bt_rfcomm.o
    0x0800e280   0x00000080   Code   RO         7972    i.rfcomm_lp_disconnected  bt_rfcomm.o
    0x0800e300   0x00000076   Code   RO         7973    i.rfcomm_msc        bt_rfcomm.o
    0x0800e376   0x0000002e   Code   RO         7974    i.rfcomm_new        bt_rfcomm.o
    0x0800e3a4   0x0000008a   Code   RO         7975    i.rfcomm_pn         bt_rfcomm.o
    0x0800e42e   0x00000002   PAD
    0x0800e430   0x00000550   Code   RO         7976    i.rfcomm_process_msg  bt_rfcomm.o
    0x0800e980   0x0000004c   Code   RO         7978    i.rfcomm_reset_all  bt_rfcomm.o
    0x0800e9cc   0x0000004e   Code   RO         7982    i.rfcomm_ua         bt_rfcomm.o
    0x0800ea1a   0x00000158   Code   RO         7983    i.rfcomm_uih        bt_rfcomm.o
    0x0800eb72   0x0000001e   Code   RO         8991    i.ringbuffer_init   ringbuffer.o
    0x0800eb90   0x00000074   Code   RO         8996    i.ringbuffer_put    ringbuffer.o
    0x0800ec04   0x00000008   Code   RO         8997    i.ringbuffer_reset  ringbuffer.o
    0x0800ec0c   0x0000000e   Code   RO         8998    i.ringbuffer_space_left  ringbuffer.o
    0x0800ec1a   0x00000024   Code   RO         8660    i.sbc_calculate_bits  sbc.o
    0x0800ec3e   0x00000002   PAD
    0x0800ec40   0x00000558   Code   RO         8661    i.sbc_calculate_bits_internal  sbc.o
    0x0800f198   0x00000020   Code   RO         8662    i.sbc_clip16        sbc.o
    0x0800f1b8   0x0000004c   Code   RO         8663    i.sbc_crc8          sbc.o
    0x0800f204   0x0000011a   Code   RO         8664    i.sbc_decode        sbc.o
    0x0800f31e   0x00000046   Code   RO         8665    i.sbc_decoder_init  sbc.o
    0x0800f364   0x0000001a   Code   RO         8668    i.sbc_finish        sbc.o
    0x0800f37e   0x00000044   Code   RO         8669    i.sbc_get_codesize  sbc.o
    0x0800f3c2   0x0000004a   Code   RO         8673    i.sbc_init          sbc.o
    0x0800f40c   0x000000ea   Code   RO         8675    i.sbc_pack_frame    sbc.o
    0x0800f4f6   0x00000266   Code   RO         8676    i.sbc_pack_frame_internal  sbc.o
    0x0800f75c   0x00000054   Code   RO         8679    i.sbc_set_defaults  sbc.o
    0x0800f7b0   0x00000070   Code   RO         8680    i.sbc_synthesize_audio  sbc.o
    0x0800f820   0x00000318   Code   RO         8681    i.sbc_synthesize_eight  sbc.o
    0x0800fb38   0x000001dc   Code   RO         8682    i.sbc_synthesize_four  sbc.o
    0x0800fd14   0x000000e6   Code   RO         8683    i.sbc_unpack_frame  sbc.o
    0x0800fdfa   0x0000031a   Code   RO         8684    i.sbc_unpack_frame_internal  sbc.o
    0x08010114   0x00000198   Code   RO         8134    i.sdp_attribute_search  bt_sdp.o
    0x080102ac   0x00000024   Code   RO         8135    i.sdp_connect_ind   bt_sdp.o
    0x080102d0   0x00000026   Code   RO         8136    i.sdp_disconnect_ind  bt_sdp.o
    0x080102f6   0x00000010   Code   RO         8137    i.sdp_free          bt_sdp.o
    0x08010306   0x00000002   PAD
    0x08010308   0x00000048   Code   RO         8138    i.sdp_init          bt_sdp.o
    0x08010350   0x00000064   Code   RO         8139    i.sdp_lp_disconnected  bt_sdp.o
    0x080103b4   0x00000020   Code   RO         8141    i.sdp_next_rhdl     bt_sdp.o
    0x080103d4   0x0000011c   Code   RO         8143    i.sdp_pattern_search  bt_sdp.o
    0x080104f0   0x0000000e   Code   RO         8144    i.sdp_record_free   bt_sdp.o
    0x080104fe   0x00000024   Code   RO         8145    i.sdp_record_new    bt_sdp.o
    0x08010522   0x00000002   PAD
    0x08010524   0x00000374   Code   RO         8146    i.sdp_recv          bt_sdp.o
    0x08010898   0x00000020   Code   RO         8147    i.sdp_register_service  bt_sdp.o
    0x080108b8   0x0000009c   Code   RO         8148    i.sdp_reset_all     bt_sdp.o
    0x08010954   0x00000128   Code   RO         8150    i.sdp_service_attrib_rsp  bt_sdp.o
    0x08010a7c   0x000001ac   Code   RO         8152    i.sdp_service_search_attrib_rsp  bt_sdp.o
    0x08010c28   0x00000170   Code   RO         8154    i.sdp_service_search_rsp  bt_sdp.o
    0x08010d98   0x00000060   Code   RO         8155    i.sdp_unregister_service  bt_sdp.o
    0x08010df8   0x00000020   Code   RO         8156    i.sdp_uuid16_to_uuid128  bt_sdp.o
    0x08010e18   0x00000260   Code   RO         9841    i.shell_at_cmd_parse  main.o
    0x08011078   0x00000178   Code   RO         9842    i.shell_json_parse  main.o
    0x080111f0   0x000000ec   Code   RO         9843    i.shell_parse       main.o
    0x080112dc   0x00000044   Code   RO         9844    i.show_usage        main.o
    0x08011320   0x00000020   Code   RO         5269    i.sht2x_protocol_iic_sda_input  hw_sht2x.o
    0x08011340   0x00000020   Code   RO         5270    i.sht2x_protocol_iic_sda_output  hw_sht2x.o
    0x08011360   0x00000040   Code   RO         5271    i.sht2x_protocol_iic_start  hw_sht2x.o
    0x080113a0   0x00000040   Code   RO         5272    i.sht2x_protocol_iic_stop  hw_sht2x.o
    0x080113e0   0x0000005c   Code   RO         5273    i.sht2x_protocol_iic_wait_ack  hw_sht2x.o
    0x0801143c   0x0000006c   Code   RO         5274    i.sht2x_protocol_iic_write_byte  hw_sht2x.o
    0x080114a8   0x0000003c   Code   RO         9172    i.skip_utf8_bom     cjson.o
    0x080114e4   0x00000018   Code   RO        10207    i.st_dword          ff.o
    0x080114fc   0x0000000c   Code   RO        10208    i.st_word           ff.o
    0x08011508   0x0000001c   Code   RO        10546    i.strtod            m_ws.l(strtod.o)
    0x08011524   0x00000006   Code   RO         9173    i.suffix_object     cjson.o
    0x0801152a   0x0000004a   Code   RO        10210    i.sync_window       ff.o
    0x08011574   0x00000020   Code   RO         4373    i.uart1_dma_enable  hw_uart.o
    0x08011594   0x00000034   Code   RO         9704    i.uart2_dma_enable  bt_phybusif_h4.o
    0x080115c8   0x0000003c   Code   RO         9705    i.uart_bt_send      bt_phybusif_h4.o
    0x08011604   0x000000e4   Code   RO         9845    i.uart_send_json    main.o
    0x080116e8   0x00000024   Code   RO         9174    i.update_offset     cjson.o
    0x0801170c   0x0000012c   Code   RO         9175    i.utf16_literal_to_utf8  cjson.o
    0x08011838   0x00000048   Code   RO         6415    i.utimer_create     bt_timer.o
    0x08011880   0x00000014   Code   RO         6416    i.utimer_init       bt_timer.o
    0x08011894   0x00000060   Code   RO         6417    i.utimer_polling    bt_timer.o
    0x080118f4   0x00000d18   Data   RO         4189    .constdata          hw_oled.o
    0x0801260c   0x00000092   Data   RO         4747    .constdata          usb_desc.o
    0x0801269e   0x00000050   Data   RO         6264    .constdata          bt_memp.o
    0x080126ee   0x00000125   Data   RO         6469    .constdata          bt_a2dp_sink.o
    0x08012813   0x000000ee   Data   RO         6647    .constdata          bt_avdtp.o
    0x08012901   0x00000001   PAD
    0x08012902   0x00000300   Data   RO         6992    .constdata          bt_fcs.o
    0x08012c02   0x0000004e   Data   RO         8157    .constdata          bt_sdp.o
    0x08012c50   0x00000b70   Data   RO         8685    .constdata          sbc.o
    0x080137c0   0x00000009   Data   RO         9847    .constdata          main.o
    0x080137c9   0x00000001   PAD
    0x080137ca   0x00000038   Data   RO        10212    .constdata          ff.o
    0x08013802   0x00000040   Data   RO        10938    .constdata          mc_w.l(ctype_c.o)
    0x08013842   0x00000002   PAD
    0x08013844   0x00000041   Data   RO         6470    .conststring        bt_a2dp_sink.o
    0x08013885   0x00000003   PAD
    0x08013888   0x0000004f   Data   RO         6648    .conststring        bt_avdtp.o
    0x080138d7   0x00000001   PAD
    0x080138d8   0x00000008   Data   RO         8386    .conststring        bt_vendor_csr8x11.o
    0x080138e0   0x0000010e   Data   RO         8455    .conststring        bt_wrapper.o
    0x080139ee   0x00000002   PAD
    0x080139f0   0x00000172   Data   RO         9848    .conststring        main.o
    0x08013b62   0x00000002   PAD
    0x08013b64   0x00000020   Data   RO        10940    Region$$Table       anon$$obj.o


    Execution Region RW_IRAM1 (Base: 0x20000000, Size: 0x0000ef08, Max: 0x00010000, ABSOLUTE, COMPRESSED[0x000002b8])

    Base Addr    Size         Type   Attr      Idx    E Section Name        Object

    0x20000000   0x00000014   Data   RW           17    .data               system_stm32f10x.o
    0x20000014   0x00000014   Data   RW         1944    .data               stm32f10x_rcc.o
    0x20000028   0x00000003   Data   RW         3417    .data               usb_core.o
    0x2000002b   0x00000001   PAD
    0x2000002c   0x00000014   Data   RW         3581    .data               usb_init.o
    0x20000040   0x00000004   Data   RW         3616    .data               usb_int.o
    0x20000044   0x00000001   Data   RW         4376    .data               hw_uart.o
    0x20000045   0x00000003   PAD
    0x20000048   0x0000001c   Data   RW         4568    .data               mass_mal.o
    0x20000064   0x00000024   Data   RW         4615    .data               memory.o
    0x20000088   0x00000078   Data   RW         4657    .data               scsi_data.o
    0x20000100   0x0000000c   Data   RW         4691    .data               usb_bot.o
    0x2000010c   0x0000001a   Data   RW         4748    .data               usb_desc.o
    0x20000126   0x00000002   PAD
    0x20000128   0x0000003c   Data   RW         4803    .data               usb_istr.o
    0x20000164   0x00000094   Data   RW         4846    .data               usb_prop.o
    0x200001f8   0x0000000c   Data   RW         4955    .data               usb_pwr.o
    0x20000204   0x00000010   Data   RW         5141    .data               hw_spi_flash.o
    0x20000214   0x00000004   Data   RW         5275    .data               hw_sht2x.o
    0x20000218   0x00000010   Data   RW         5587    .data               bt_hci.o
    0x20000228   0x0000001c   Data   RW         6114    .data               bt_l2cap.o
    0x20000244   0x00000054   Data   RW         6471    .data               bt_a2dp_sink.o
    0x20000298   0x0000001c   Data   RW         6649    .data               bt_avdtp.o
    0x200002b4   0x00000039   Data   RW         6970    .data               bt_did.o
    0x200002ed   0x00000003   PAD
    0x200002f0   0x0000000c   Data   RW         7986    .data               bt_rfcomm.o
    0x200002fc   0x00000018   Data   RW         8158    .data               bt_sdp.o
    0x20000314   0x00000128   Data   RW         8387    .data               bt_vendor_csr8x11.o
    0x2000043c   0x00000028   Data   RW         8456    .data               bt_wrapper.o
    0x20000464   0x00000008   Data   RW         8948    .data               bt_memory.o
    0x2000046c   0x00000014   Data   RW         9177    .data               cjson.o
    0x20000480   0x000000e9   Data   RW         9849    .data               main.o
    0x20000569   0x00000003   PAD
    0x2000056c   0x00000008   Data   RW        10092    .data               diskio.o
    0x20000574   0x00000006   Data   RW        10213    .data               ff.o
    0x2000057a   0x00000002   PAD
    0x2000057c   0x00000004   Data   RW        10552    .data               mc_w.l(stdout.o)
    0x20000580   0x00000004   Data   RW        10910    .data               mc_w.l(mvars.o)
    0x20000584   0x00000004   Data   RW        10911    .data               mc_w.l(mvars.o)
    0x20000588   0x0000001c   Zero   RW         3580    .bss                usb_init.o
    0x200005a4   0x00000100   Zero   RW         4375    .bss                hw_uart.o
    0x200006a4   0x00004000   Zero   RW         4614    .bss                memory.o
    0x200046a4   0x00000070   Zero   RW         4690    .bss                usb_bot.o
    0x20004714   0x00000020   Zero   RW         4954    .bss                usb_pwr.o
    0x20004734   0x00001000   Zero   RW         5140    .bss                hw_spi_flash.o
    0x20005734   0x00000550   Zero   RW         6263    .bss                bt_memp.o
    0x20005c84   0x00000400   Zero   RW         6418    .bss                bt_timer.o
    0x20006084   0x00000414   Zero   RW         6468    .bss                bt_a2dp_sink.o
    0x20006498   0x00000107   Zero   RW         8454    .bss                bt_wrapper.o
    0x2000659f   0x00000001   PAD
    0x200065a0   0x00000020   Zero   RW         8947    .bss                bt_memory.o
    0x200065c0   0x00001c54   Zero   RW         9706    .bss                bt_phybusif_h4.o
    0x20008214   0x00002cc0   Zero   RW         9846    .bss                main.o
    0x2000aed4   0x00002030   Zero   RW        10522    .bss                fs_wrapper.o
    0x2000cf04   0x00000004   PAD
    0x2000cf08   0x00001000   Zero   RW            2    HEAP                startup_stm32f10x_hd.o
    0x2000df08   0x00001000   Zero   RW            1    STACK               startup_stm32f10x_hd.o


==============================================================================

Image component sizes


      Code (inc. data)   RO Data    RW Data    ZI Data      Debug   Object Name

      4566       2810        358         84       1044      30019   bt_a2dp_sink.o
      4620       1932        317         28          0      25628   bt_avdtp.o
       472         68          0          0          0      16416   bt_common.o
        52          6          0         57          0       1375   bt_did.o
       134         10        768          0          0       3036   bt_fcs.o
      2120        150          0         16          0      44520   bt_hci.o
       894         64          0         28          0       9937   bt_l2cap.o
         2          0          0          0          0        570   bt_mem.o
       856        312          0          8         32       6354   bt_memory.o
       204         32         80          0       1360      20371   bt_memp.o
      2536       1064          0          0          0       9930   bt_pbuf.o
       724        126          0          0       7252       6975   bt_phybusif_h4.o
      4846        100          0         12          0      21663   bt_rfcomm.o
      3328        104         78         24          0      18196   bt_sdp.o
       228         22          0          0       1024       3095   bt_timer.o
         4          0          0          0          0       1082   bt_vendor_bcm43430a1.o
       178         20          8        296          0       4309   bt_vendor_csr8x11.o
        60         20          0          0          0       1069   bt_vendor_manager.o
      2528        770        270         40        263      23447   bt_wrapper.o
      4826        148          0         20          0      30647   cjson.o
       286         38          0          8          0       8103   diskio.o
      3020        118         56          6          0      32112   ff.o
       160         96          0          0       8240       1306   fs_wrapper.o
       108          6          0          0          0        681   hw_button.o
       220         24          0          0          0       5145   hw_config.o
        52         20          0          0          0        503   hw_exti.o
       100          6          0          0          0        574   hw_led.o
       114          0          0          0          0       1980   hw_misc.o
       888         36       3352          0          0       7961   hw_oled.o
       494         48          0          4          0       4452   hw_sht2x.o
      1744        322          0         16       4096      11354   hw_spi_flash.o
        76         10          0          0          0      25777   hw_systick.o
       444         44          0          1        256       3201   hw_uart.o
      6272       3182        379        233      11456      31431   main.o
       128         14          0         28          0       3098   mass_mal.o
       556         80          0         36      16384       4012   memory.o
       132         22          0          0          0       1579   misc.o
       186          0          0          0          0       4050   ringbuffer.o
      5504         62       2928          0          0      25216   sbc.o
         0          0          0          0          0        392   sbc_primitives.o
         0          0          0        120          0       1178   scsi_data.o
        36          8        304          0       8192        876   startup_stm32f10x_hd.o
       428          8          0          0          0       4636   stm32f10x_dma.o
       160         12          0          0          0       1549   stm32f10x_exti.o
       522         10          0          0          0       5824   stm32f10x_gpio.o
       384         56          0         20          0       6795   stm32f10x_rcc.o
       112          0          0          0          0       3938   stm32f10x_spi.o
       212         42          0          0          0       2899   stm32f10x_tim.o
       646         28          0          0          0       8197   stm32f10x_usart.o
       328         28          0         20          0     274473   system_stm32f10x.o
      1172        110          0         12        112       5023   usb_bot.o
      3058        288          0          3          0      20311   usb_core.o
         0          0        146         26          0       1080   usb_desc.o
        16          0          0          0          0       1053   usb_endp.o
        60         24          0         20         28       4358   usb_init.o
       648         32          0          4          0       1928   usb_int.o
       248         26          0         60          0       1620   usb_istr.o
        96         10          0          0          0       1980   usb_mem.o
       686        120          0        148          0      12418   usb_prop.o
       464         52          0         12         32       4196   usb_pwr.o
       684        102          0          0          0      10880   usb_regs.o
      1086        130          0          0          0      10611   usb_scsi.o
       128          8          0          0          0       2414   usb_sil.o

    ----------------------------------------------------------------------
     64922      12980       9086       1404      59776     839803   Object Totals
         0          0         32          0          0          0   (incl. Generated)
        86          0         10         14          5          0   (incl. Padding)

    ----------------------------------------------------------------------

      Code (inc. data)   RO Data    RW Data    ZI Data      Debug   Library Member Name

        28          0          0          0          0         80   strtod.o
        56          8          0          0          0         84   __0sscanf.o
        86          0          0          0          0          0   __dczerorl2.o
       812          4          0          0          0        112   _scanf.o
        64          0          0          0          0         84   _sgetc.o
        40          6         64          0          0         68   ctype_c.o
         0          0          0          0          0          0   entry.o
         0          0          0          0          0          0   entry10a.o
         0          0          0          0          0          0   entry11a.o
         8          4          0          0          0          0   entry2.o
         4          0          0          0          0          0   entry5.o
         0          0          0          0          0          0   entry7b.o
         0          0          0          0          0          0   entry8b.o
         8          4          0          0          0          0   entry9a.o
        30          0          0          0          0          0   handlers.o
        36          8          0          0          0         68   init.o
        10          0          0          0          0         68   isspace_c.o
         0          0          0          0          0          0   iusefp.o
        30          0          0          0          0         68   llshl.o
        36          0          0          0          0         68   llsshr.o
        32          0          0          0          0         68   llushr.o
       360         30          0          0          0        356   mallocr.o
        26          0          0          0          0         80   memcmp.o
        36          0          0          0          0         68   memcpya.o
        36          0          0          0          0        108   memseta.o
         0          0          0          8          0          0   mvars.o
      2308         96          0          0          0        604   printfa.o
        40          8          0          0          0         84   scanf_char.o
       838         12          0          0          0        216   scanf_fp.o
         0          0          0          4          0          0   stdout.o
        28          0          0          0          0         76   strcmp.o
        18          0          0          0          0         68   strcpy.o
        14          0          0          0          0         68   strlen.o
        30          0          0          0          0         80   strncmp.o
       156         12          0          0          0        120   strtod.o
        12          0          0          0          0         68   tolower.o
        44          0          0          0          0         80   uidiv.o
        98          0          0          0          0         92   uldiv.o
        48          0          0          0          0         68   cdcmple.o
        48          0          0          0          0         68   cdrcmple.o
        56          0          0          0          0         88   d2f.o
       334          0          0          0          0        148   dadd.o
       222          0          0          0          0        100   ddiv.o
       186          0          0          0          0        176   depilogue.o
        62          0          0          0          0         80   dfixi.o
        48          0          0          0          0         68   dfixul.o
        24          0          0          0          0         76   dfltul.o
       228          0          0          0          0         96   dmul.o
       110          0          0          0          0        168   fepilogue.o

    ----------------------------------------------------------------------
      6698        192         66         12          0       4072   Library Totals
         8          0          2          0          0          0   (incl. Padding)

    ----------------------------------------------------------------------

      Code (inc. data)   RO Data    RW Data    ZI Data      Debug   Library Name

        28          0          0          0          0         80   m_ws.l
      5296        192         64         12          0       2856   mc_w.l
      1366          0          0          0          0       1136   mf_w.l

    ----------------------------------------------------------------------
      6698        192         66         12          0       4072   Library Totals

    ----------------------------------------------------------------------

==============================================================================


      Code (inc. data)   RO Data    RW Data    ZI Data      Debug   

     71620      13172       9152       1416      59776     815559   Grand Totals
     71620      13172       9152        696      59776     815559   ELF Image Totals (compressed)
     71620      13172       9152        696          0          0   ROM Totals

==============================================================================

    Total RO  Size (Code + RO Data)                80772 (  78.88kB)
    Total RW  Size (RW Data + ZI Data)             61192 (  59.76kB)
    Total ROM Size (Code + RO Data + RW Data)      81468 (  79.56kB)

==============================================================================

